Archive member included to satisfy reference by file (symbol)

c:/program files/microchip/xc8/v2.50/avr/bin/../lib/gcc/avr/5.4.0/../../../../avr/lib/avrxmega3\libm.a(addsf3.o)
                              build/default/production/uart.o (__addsf3)
c:/program files/microchip/xc8/v2.50/avr/bin/../lib/gcc/avr/5.4.0/../../../../avr/lib/avrxmega3\libm.a(addsf3x.o)
                              c:/program files/microchip/xc8/v2.50/avr/bin/../lib/gcc/avr/5.4.0/../../../../avr/lib/avrxmega3\libm.a(addsf3.o) (__addsf3x)
c:/program files/microchip/xc8/v2.50/avr/bin/../lib/gcc/avr/5.4.0/../../../../avr/lib/avrxmega3\libm.a(cmpsf2.o)
                              build/default/production/lora.o (__ltsf2)
c:/program files/microchip/xc8/v2.50/avr/bin/../lib/gcc/avr/5.4.0/../../../../avr/lib/avrxmega3\libm.a(divsf3.o)
                              build/default/production/uart.o (__divsf3)
c:/program files/microchip/xc8/v2.50/avr/bin/../lib/gcc/avr/5.4.0/../../../../avr/lib/avrxmega3\libm.a(divsf3x.o)
                              c:/program files/microchip/xc8/v2.50/avr/bin/../lib/gcc/avr/5.4.0/../../../../avr/lib/avrxmega3\libm.a(divsf3.o) (__divsf3x)
c:/program files/microchip/xc8/v2.50/avr/bin/../lib/gcc/avr/5.4.0/../../../../avr/lib/avrxmega3\libm.a(fixunssfsi.o)
                              build/default/production/uart.o (__fixunssfsi)
c:/program files/microchip/xc8/v2.50/avr/bin/../lib/gcc/avr/5.4.0/../../../../avr/lib/avrxmega3\libm.a(floatsisf.o)
                              build/default/production/lora.o (__floatunsisf)
c:/program files/microchip/xc8/v2.50/avr/bin/../lib/gcc/avr/5.4.0/../../../../avr/lib/avrxmega3\libm.a(fp_cmp.o)
                              c:/program files/microchip/xc8/v2.50/avr/bin/../lib/gcc/avr/5.4.0/../../../../avr/lib/avrxmega3\libm.a(cmpsf2.o) (__fp_cmp)
c:/program files/microchip/xc8/v2.50/avr/bin/../lib/gcc/avr/5.4.0/../../../../avr/lib/avrxmega3\libm.a(fp_inf.o)
                              c:/program files/microchip/xc8/v2.50/avr/bin/../lib/gcc/avr/5.4.0/../../../../avr/lib/avrxmega3\libm.a(addsf3x.o) (__fp_inf)
c:/program files/microchip/xc8/v2.50/avr/bin/../lib/gcc/avr/5.4.0/../../../../avr/lib/avrxmega3\libm.a(fp_nan.o)
                              c:/program files/microchip/xc8/v2.50/avr/bin/../lib/gcc/avr/5.4.0/../../../../avr/lib/avrxmega3\libm.a(addsf3x.o) (__fp_nan)
c:/program files/microchip/xc8/v2.50/avr/bin/../lib/gcc/avr/5.4.0/../../../../avr/lib/avrxmega3\libm.a(fp_pscA.o)
                              c:/program files/microchip/xc8/v2.50/avr/bin/../lib/gcc/avr/5.4.0/../../../../avr/lib/avrxmega3\libm.a(addsf3x.o) (__fp_pscA)
c:/program files/microchip/xc8/v2.50/avr/bin/../lib/gcc/avr/5.4.0/../../../../avr/lib/avrxmega3\libm.a(fp_pscB.o)
                              c:/program files/microchip/xc8/v2.50/avr/bin/../lib/gcc/avr/5.4.0/../../../../avr/lib/avrxmega3\libm.a(addsf3x.o) (__fp_pscB)
c:/program files/microchip/xc8/v2.50/avr/bin/../lib/gcc/avr/5.4.0/../../../../avr/lib/avrxmega3\libm.a(fp_round.o)
                              c:/program files/microchip/xc8/v2.50/avr/bin/../lib/gcc/avr/5.4.0/../../../../avr/lib/avrxmega3\libm.a(addsf3.o) (__fp_round)
c:/program files/microchip/xc8/v2.50/avr/bin/../lib/gcc/avr/5.4.0/../../../../avr/lib/avrxmega3\libm.a(fp_split3.o)
                              c:/program files/microchip/xc8/v2.50/avr/bin/../lib/gcc/avr/5.4.0/../../../../avr/lib/avrxmega3\libm.a(addsf3x.o) (__fp_split3)
c:/program files/microchip/xc8/v2.50/avr/bin/../lib/gcc/avr/5.4.0/../../../../avr/lib/avrxmega3\libm.a(fp_zero.o)
                              c:/program files/microchip/xc8/v2.50/avr/bin/../lib/gcc/avr/5.4.0/../../../../avr/lib/avrxmega3\libm.a(addsf3x.o) (__fp_zero)
c:/program files/microchip/xc8/v2.50/avr/bin/../lib/gcc/avr/5.4.0/../../../../avr/lib/avrxmega3\libm.a(mulsf3.o)
                              build/default/production/uart.o (__mulsf3)
c:/program files/microchip/xc8/v2.50/avr/bin/../lib/gcc/avr/5.4.0/../../../../avr/lib/avrxmega3\libm.a(mulsf3x.o)
                              c:/program files/microchip/xc8/v2.50/avr/bin/../lib/gcc/avr/5.4.0/../../../../avr/lib/avrxmega3\libm.a(mulsf3.o) (__mulsf3x)
c:/program files/microchip/xc8/v2.50/avr/bin/../lib/gcc/avr/5.4.0/avrxmega3\libgcc.a(_divmodhi4.o)
                              build/default/production/lora.o (__divmodhi4)
c:/program files/microchip/xc8/v2.50/avr/bin/../lib/gcc/avr/5.4.0/avrxmega3\libgcc.a(_copy_data.o)
                              build/default/production/lora.o (__do_clear_bss)
c:/program files/microchip/xc8/v2.50/avr/bin/../lib/gcc/avr/5.4.0/avrxmega3\libgcc.a(_udivdi3.o)
                              build/default/production/lora.o (__udivdi3)
c:/program files/microchip/xc8/v2.50/avr/bin/../lib/gcc/avr/5.4.0/avrxmega3\libgcc.a(_udivmod64.o)
                              c:/program files/microchip/xc8/v2.50/avr/bin/../lib/gcc/avr/5.4.0/avrxmega3\libgcc.a(_udivdi3.o) (__udivmod64)
[...]
Memory Configuration

Name             Origin             Length             Attributes
text             0x0000000000000000 0x0000000000008000 xr
data             0x0000000000803000 0x0000000000001000 rw !x
eeprom           0x0000000000810000 0x0000000000000100 rw !x
fuse             0x0000000000820000 0x000000000000000a rw !x
lock             0x0000000000830000 0x0000000000000400 rw !x
signature        0x0000000000840000 0x0000000000000400 rw !x
user_signatures  0x0000000000850000 0x0000000000000400 rw !x
bootrow          0x0000000000860000 0x0000000000000400 rw !x
*default*        0x0000000000000000 0xffffffffffffffff

Linker script and memory map

Address of section .data set to 0x803000
                0x0000000000004000                __RODATA_PM_OFFSET__ = 0x4000
LOAD C:/Program Files/Microchip/MPLABX/v6.20/packs/Microchip/ATmega_DFP/3.1.264/xc8/avr/lib/avrxmega3/crtatmega3208.o
                0x0000000000000001                __MPLAB_BUILD = 0x1
LOAD build/default/production/lora.o
LOAD build/default/production/main.o
LOAD build/default/production/spi.o
LOAD build/default/production/uart.o
LOAD build/default/production/tca.o
START GROUP
LOAD c:/program files/microchip/xc8/v2.50/avr/bin/../lib/gcc/avr/5.4.0/../../../../avr/lib/avrxmega3\libm.a
END GROUP
START GROUP
LOAD c:/program files/microchip/xc8/v2.50/avr/bin/../lib/gcc/avr/5.4.0/avrxmega3\libgcc.a
LOAD c:/program files/microchip/xc8/v2.50/avr/bin/../lib/gcc/avr/5.4.0/../../../../avr/lib/avrxmega3\libm.a
LOAD c:/program files/microchip/xc8/v2.50/avr/bin/../lib/gcc/avr/5.4.0/../../../../avr/lib/avrxmega3\libc.a
LOAD C:/Program Files/Microchip/MPLABX/v6.20/packs/Microchip/ATmega_DFP/3.1.264/xc8/avr/lib/avrxmega3\libatmega3208.a
END GROUP
                [0x0000000000000000]                __TEXT_REGION_ORIGIN__ = DEFINED (__TEXT_REGION_ORIGIN__)?__TEXT_REGION_ORIGIN__:0x0
                [0x0000000000803000]                __DATA_REGION_ORIGIN__ = DEFINED (__DATA_REGION_ORIGIN__)?__DATA_REGION_ORIGIN__:0x802000
                [0x0000000000008000]                __TEXT_REGION_LENGTH__ = DEFINED (__TEXT_REGION_LENGTH__)?__TEXT_REGION_LENGTH__:0x100000
                [0x0000000000001000]                __DATA_REGION_LENGTH__ = DEFINED (__DATA_REGION_LENGTH__)?__DATA_REGION_LENGTH__:0xffa0
                [0x0000000000000100]                __EEPROM_REGION_LENGTH__ = DEFINED (__EEPROM_REGION_LENGTH__)?__EEPROM_REGION_LENGTH__:0x10000
                [0x000000000000000a]                __FUSE_REGION_LENGTH__ = DEFINED (__FUSE_REGION_LENGTH__)?__FUSE_REGION_LENGTH__:0x400
                0x0000000000000400                __LOCK_REGION_LENGTH__ = DEFINED (__LOCK_REGION_LENGTH__)?__LOCK_REGION_LENGTH__:0x400
                0x0000000000000400                __SIGNATURE_REGION_LENGTH__ = DEFINED (__SIGNATURE_REGION_LENGTH__)?__SIGNATURE_REGION_LENGTH__:0x400
                0x0000000000000400                __USER_SIGNATURE_REGION_LENGTH__ = DEFINED (__USER_SIGNATURE_REGION_LENGTH__)?__USER_SIGNATURE_REGION_LENGTH__:0x400
                0x0000000000008000                __RODATA_PM_OFFSET__ = DEFINED (__RODATA_PM_OFFSET__)?__RODATA_PM_OFFSET__:0x8000
                0x0000000000000400                __BOOTROW_REGION_LENGTH__ = DEFINED (__BOOTROW_REGION_LENGTH__)?__BOOTROW_REGION_LENGTH__:0x400

.hash
 *(.hash)

.dynsym
 *(.dynsym)

.dynstr
 *(.dynstr)

.gnu.version
 *(.gnu.version)

.gnu.version_d
 *(.gnu.version_d)

.gnu.version_r
 *(.gnu.version_r)

.rel.init
 *(.rel.init)

.rela.init
 *(.rela.init)

.rel.text
 *(.rel.text)
 *(.rel.text.*)
 *(.rel.gnu.linkonce.t*)

.rela.text
 *(.rela.text)
 *(.rela.text.*)
 *(.rela.gnu.linkonce.t*)

.rel.fini
 *(.rel.fini)

.rela.fini
 *(.rela.fini)

.rel.rodata
 *(.rel.rodata)
 *(.rel.rodata.*)
 *(.rel.gnu.linkonce.r*)

.rela.rodata
 *(.rela.rodata)
 *(.rela.rodata.*)
 *(.rela.gnu.linkonce.r*)

.rel.data
 *(.rel.data)
 *(.rel.data.*)
 *(.rel.gnu.linkonce.d*)

.rela.data
 *(.rela.data)
 *(.rela.data.*)
 *(.rela.gnu.linkonce.d*)

.rel.ctors
 *(.rel.ctors)

.rela.ctors
 *(.rela.ctors)

.rel.dtors
 *(.rel.dtors)

.rela.dtors
 *(.rela.dtors)

.rel.got
 *(.rel.got)

.rela.got
 *(.rela.got)

.rel.bss
 *(.rel.bss)

.rela.bss
 *(.rela.bss)

.rel.plt
 *(.rel.plt)

.rela.plt
 *(.rela.plt)

.text           0x0000000000000000       0xea
 *(.vectors)
 .vectors       0x0000000000000000       0x90 C:/Program Files/Microchip/MPLABX/v6.20/packs/Microchip/ATmega_DFP/3.1.264/xc8/avr/lib/avrxmega3/crtatmega3208.o
                0x0000000000000000                __vector_default
                0x0000000000000000                __vectors
 *(.vectors)
 *(.progmem.gcc*)
 *(.dinit)
 .dinit         0x0000000000000090        0x5 data_init
                0x0000000000000096                . = ALIGN (0x2)
 *fill*         0x0000000000000095        0x1 
                0x0000000000000096                __trampolines_start = .
 *(.trampolines)
 .trampolines   0x0000000000000096        0x0 linker stubs
 *(.trampolines*)
                0x0000000000000096                __trampolines_end = .
 *libprintf_flt.a:*(.progmem.data)
 *libc.a:*(.progmem.data)
                0x0000000000000096                . = ALIGN (0x2)
 *(.jumptables)
 *(.jumptables*)
 *(.lowtext)
 *(.lowtext*)
                0x0000000000000096                __ctors_start = .
 *(.ctors)
                0x0000000000000096                __ctors_end = .
                0x0000000000000096                __dtors_start = .
 *(.dtors)
                0x0000000000000096                __dtors_end = .
 SORT(*)(.ctors)
 SORT(*)(.dtors)
 *(.init0)
 .init0         0x0000000000000096        0x0 C:/Program Files/Microchip/MPLABX/v6.20/packs/Microchip/ATmega_DFP/3.1.264/xc8/avr/lib/avrxmega3/crtatmega3208.o
                0x0000000000000096                __init
 *(.init0)
 *(.init1)
 *(.init1)
 *(.init2)
 .init2         0x0000000000000096        0xc C:/Program Files/Microchip/MPLABX/v6.20/packs/Microchip/ATmega_DFP/3.1.264/xc8/avr/lib/avrxmega3/crtatmega3208.o
 *(.init2)
 *(.init3)
 *(.init3)
 *(.init4)
 .init4         0x00000000000000a2       0x3c c:/program files/microchip/xc8/v2.50/avr/bin/../lib/gcc/avr/5.4.0/avrxmega3\libgcc.a(_copy_data.o)
                0x00000000000000a2                __do_copy_data
                0x00000000000000d0                __do_clear_bss
 *(.init4)
 *(.init5)
 *(.init5)
 *(.init6)
 *(.init6)
 *(.init7)
 *(.init7)
 *(.init8)
 *(.init8)
 *(.init9)
 .init9         0x00000000000000de        0x8 C:/Program Files/Microchip/MPLABX/v6.20/packs/Microchip/ATmega_DFP/3.1.264/xc8/avr/lib/avrxmega3/crtatmega3208.o
 *(.init9)
                0x00000000000000e6                . = ALIGN (0x2)
 *(.fini9)
 .fini9         0x00000000000000e6        0x0 c:/program files/microchip/xc8/v2.50/avr/bin/../lib/gcc/avr/5.4.0/avrxmega3\libgcc.a(_exit.o)
                0x00000000000000e6                _exit
 *(.fini9)
 *(.fini8)
 *(.fini8)
 *(.fini7)
 *(.fini7)
 *(.fini6)
 *(.fini6)
 *(.fini5)
 *(.fini5)
 *(.fini4)
 *(.fini4)
 *(.fini3)
 *(.fini3)
 *(.fini2)
 *(.fini2)
 *(.fini1)
 *(.fini1)
 *(.fini0)
 .fini0         0x00000000000000e6        0x4 c:/program files/microchip/xc8/v2.50/avr/bin/../lib/gcc/avr/5.4.0/avrxmega3\libgcc.a(_exit.o)
 *(.fini0)
                0x00000000000000ea                _etext = .

.data           0x0000000000803000        0x0 load address 0x00000000000000ea
                [!provide]                        PROVIDE (__data_start, .)
 *(.gnu.linkonce.d*)
                0x0000000000803000                . = ALIGN (0x2)
                0x0000000000803000                _edata = .
                [!provide]                        PROVIDE (__data_end, .)

.bss            0x0000000000803000        0x2
                [!provide]                        PROVIDE (__bss_start, .)
 *(COMMON)
 COMMON         0x0000000000803000        0x2 c:/program files/microchip/xc8/v2.50/avr/bin/../lib/gcc/avr/5.4.0/../../../../avr/lib/avrxmega3\libc.a(errno.o)
                0x0000000000803000                __errno_val
                [!provide]                        PROVIDE (__bss_end, .)
                0x00000000000000ea                __data_load_start = LOADADDR (.data)
                0x00000000000000ea                __data_load_end = (__data_load_start + SIZEOF (.data))

.noinit         0x0000000000803002        0x0
                [!provide]                        PROVIDE (__noinit_start, .)
 *(.noinit*)
                [!provide]                        PROVIDE (__noinit_end, .)
                0x0000000000803002                _end = .

.eeprom         0x0000000000810000        0x0
 *(.eeprom*)
                0x0000000000810000                __eeprom_end = .

.fuse
 *(.fuse)
 *(.lfuse)
 *(.hfuse)
 *(.efuse)

.lock
 *(.lock*)

.signature
 *(.signature*)

.user_signatures
 *(.user_signatures*)

.bootrow
 *(.bootrow*)

.stab
 *(.stab)

.stabstr
 *(.stabstr)

.stab.excl
 *(.stab.excl)

.stab.exclstr
 *(.stab.exclstr)

.stab.index
 *(.stab.index)

.stab.indexstr
 *(.stab.indexstr)

.comment        0x0000000000000000       0x5b
 *(.comment)
 .comment       0x0000000000000000       0x2f build/default/production/lora.o
                                         0x30 (size before relaxing)
 .comment       0x000000000000002f       0x30 build/default/production/main.o
 .comment       0x000000000000002f       0x30 build/default/production/spi.o
 .comment       0x000000000000002f       0x30 build/default/production/uart.o
 .comment       0x000000000000002f       0x30 build/default/production/tca.o
 .comment       0x000000000000002f       0x2c c:/program files/microchip/xc8/v2.50/avr/bin/../lib/gcc/avr/5.4.0/../../../../avr/lib/avrxmega3\libc.a(exit.o)
                                         0x2d (size before relaxing)
 .comment       0x000000000000005b       0x2d c:/program files/microchip/xc8/v2.50/avr/bin/../lib/gcc/avr/5.4.0/../../../../avr/lib/avrxmega3\libc.a(__sio_sprintf_doux.o)
 .comment       0x000000000000005b       0x2d c:/program files/microchip/xc8/v2.50/avr/bin/../lib/gcc/avr/5.4.0/../../../../avr/lib/avrxmega3\libc.a(__fmt_d.o)
 .comment       0x000000000000005b       0x2d c:/program files/microchip/xc8/v2.50/avr/bin/../lib/gcc/avr/5.4.0/../../../../avr/lib/avrxmega3\libc.a(__fmt_o.o)
 .comment       0x000000000000005b       0x2d c:/program files/microchip/xc8/v2.50/avr/bin/../lib/gcc/avr/5.4.0/../../../../avr/lib/avrxmega3\libc.a(__fmt_s.o)
 .comment       0x000000000000005b       0x2d c:/program files/microchip/xc8/v2.50/avr/bin/../lib/gcc/avr/5.4.0/../../../../avr/lib/avrxmega3\libc.a(__fmt_u.o)
 .comment       0x000000000000005b       0x2d c:/program files/microchip/xc8/v2.50/avr/bin/../lib/gcc/avr/5.4.0/../../../../avr/lib/avrxmega3\libc.a(__fmt_x.o)
 .comment       0x000000000000005b       0x2d c:/program files/microchip/xc8/v2.50/avr/bin/../lib/gcc/avr/5.4.0/../../../../avr/lib/avrxmega3\libc.a(__pop_int.o)
 .comment       0x000000000000005b       0x2d c:/program files/microchip/xc8/v2.50/avr/bin/../lib/gcc/avr/5.4.0/../../../../avr/lib/avrxmega3\libc.a(__printf_core.o)
 .comment       0x000000000000005b       0x2d c:/program files/microchip/xc8/v2.50/avr/bin/../lib/gcc/avr/5.4.0/../../../../avr/lib/avrxmega3\libc.a(fputc.o)
 .comment       0x000000000000005b       0x2d c:/program files/microchip/xc8/v2.50/avr/bin/../lib/gcc/avr/5.4.0/../../../../avr/lib/avrxmega3\libc.a(strcmp.o)
 .comment       0x000000000000005b       0x2d c:/program files/microchip/xc8/v2.50/avr/bin/../lib/gcc/avr/5.4.0/../../../../avr/lib/avrxmega3\libc.a(strlen.o)
 .comment       0x000000000000005b       0x2d c:/program files/microchip/xc8/v2.50/avr/bin/../lib/gcc/avr/5.4.0/../../../../avr/lib/avrxmega3\libc.a(tolower.o)
 .comment       0x000000000000005b       0x2d c:/program files/microchip/xc8/v2.50/avr/bin/../lib/gcc/avr/5.4.0/../../../../avr/lib/avrxmega3\libc.a(toupper.o)
 .comment       0x000000000000005b       0x2d c:/program files/microchip/xc8/v2.50/avr/bin/../lib/gcc/avr/5.4.0/../../../../avr/lib/avrxmega3\libc.a(errno.o)
 .comment       0x000000000000005b       0x2d c:/program files/microchip/xc8/v2.50/avr/bin/../lib/gcc/avr/5.4.0/../../../../avr/lib/avrxmega3\libc.a(_Exit.o)
 .comment       0x000000000000005b       0x2d c:/program files/microchip/xc8/v2.50/avr/bin/../lib/gcc/avr/5.4.0/../../../../avr/lib/avrxmega3\libc.a(__int_vsprintf.o)
 .comment       0x000000000000005b       0x2d c:/program files/microchip/xc8/v2.50/avr/bin/../lib/gcc/avr/5.4.0/../../../../avr/lib/avrxmega3\libc.a(__int_vsnprintf.o)
 .comment       0x000000000000005b       0x2d c:/program files/microchip/xc8/v2.50/avr/bin/../lib/gcc/avr/5.4.0/../../../../avr/lib/avrxmega3\libc.a(__int_vfprintf.o)

.stack.descriptors.hdr
                0x0000000000000000      0x268
 .stack.descriptors.hdr
                0x0000000000000000        0xe c:/program files/microchip/xc8/v2.50/avr/bin/../lib/gcc/avr/5.4.0/../../../../avr/lib/avrxmega3\libm.a(addsf3.o)
 .stack.descriptors.hdr
                0x000000000000000e        0xe c:/program files/microchip/xc8/v2.50/avr/bin/../lib/gcc/avr/5.4.0/../../../../avr/lib/avrxmega3\libm.a(addsf3x.o)
 .stack.descriptors.hdr
                0x000000000000001c        0xe c:/program files/microchip/xc8/v2.50/avr/bin/../lib/gcc/avr/5.4.0/../../../../avr/lib/avrxmega3\libm.a(cmpsf2.o)
 .stack.descriptors.hdr
                0x000000000000002a        0xe c:/program files/microchip/xc8/v2.50/avr/bin/../lib/gcc/avr/5.4.0/../../../../avr/lib/avrxmega3\libm.a(divsf3.o)
 .stack.descriptors.hdr
                0x0000000000000038        0xe c:/program files/microchip/xc8/v2.50/avr/bin/../lib/gcc/avr/5.4.0/../../../../avr/lib/avrxmega3\libm.a(divsf3x.o)
 .stack.descriptors.hdr
                0x0000000000000046        0xe c:/program files/microchip/xc8/v2.50/avr/bin/../lib/gcc/avr/5.4.0/../../../../avr/lib/avrxmega3\libm.a(fixunssfsi.o)
 .stack.descriptors.hdr
                0x0000000000000054        0xe c:/program files/microchip/xc8/v2.50/avr/bin/../lib/gcc/avr/5.4.0/../../../../avr/lib/avrxmega3\libm.a(floatsisf.o)
 .stack.descriptors.hdr
                0x0000000000000062        0xe c:/program files/microchip/xc8/v2.50/avr/bin/../lib/gcc/avr/5.4.0/../../../../avr/lib/avrxmega3\libm.a(fp_cmp.o)
 .stack.descriptors.hdr
                0x0000000000000070        0xe c:/program files/microchip/xc8/v2.50/avr/bin/../lib/gcc/avr/5.4.0/../../../../avr/lib/avrxmega3\libm.a(fp_inf.o)
 .stack.descriptors.hdr
                0x000000000000007e        0xe c:/program files/microchip/xc8/v2.50/avr/bin/../lib/gcc/avr/5.4.0/../../../../avr/lib/avrxmega3\libm.a(fp_nan.o)
 .stack.descriptors.hdr
                0x000000000000008c        0xe c:/program files/microchip/xc8/v2.50/avr/bin/../lib/gcc/avr/5.4.0/../../../../avr/lib/avrxmega3\libm.a(fp_pscA.o)
 .stack.descriptors.hdr
                0x000000000000009a        0xe c:/program files/microchip/xc8/v2.50/avr/bin/../lib/gcc/avr/5.4.0/../../../../avr/lib/avrxmega3\libm.a(fp_pscB.o)
 .stack.descriptors.hdr
                0x00000000000000a8        0xe c:/program files/microchip/xc8/v2.50/avr/bin/../lib/gcc/avr/5.4.0/../../../../avr/lib/avrxmega3\libm.a(fp_round.o)
 .stack.descriptors.hdr
                0x00000000000000b6        0xe c:/program files/microchip/xc8/v2.50/avr/bin/../lib/gcc/avr/5.4.0/../../../../avr/lib/avrxmega3\libm.a(fp_split3.o)
 .stack.descriptors.hdr
                0x00000000000000c4        0xe c:/program files/microchip/xc8/v2.50/avr/bin/../lib/gcc/avr/5.4.0/../../../../avr/lib/avrxmega3\libm.a(fp_zero.o)
 .stack.descriptors.hdr
                0x00000000000000d2        0xe c:/program files/microchip/xc8/v2.50/avr/bin/../lib/gcc/avr/5.4.0/../../../../avr/lib/avrxmega3\libm.a(mulsf3.o)
 .stack.descriptors.hdr
                0x00000000000000e0        0xe c:/program files/microchip/xc8/v2.50/avr/bin/../lib/gcc/avr/5.4.0/../../../../avr/lib/avrxmega3\libm.a(mulsf3x.o)
 .stack.descriptors.hdr
                0x00000000000000ee        0xe c:/program files/microchip/xc8/v2.50/avr/bin/../lib/gcc/avr/5.4.0/avrxmega3\libgcc.a(_divmodhi4.o)
 .stack.descriptors.hdr
                0x00000000000000fc        0xe c:/program files/microchip/xc8/v2.50/avr/bin/../lib/gcc/avr/5.4.0/avrxmega3\libgcc.a(_udivdi3.o)
 .stack.descriptors.hdr
                0x000000000000010a        0xe c:/program files/microchip/xc8/v2.50/avr/bin/../lib/gcc/avr/5.4.0/avrxmega3\libgcc.a(_udivmod64.o)
 .stack.descriptors.hdr
                0x0000000000000118        0xe c:/program files/microchip/xc8/v2.50/avr/bin/../lib/gcc/avr/5.4.0/avrxmega3\libgcc.a(_ashldi3.o)
 .stack.descriptors.hdr
                0x0000000000000126        0xe c:/program files/microchip/xc8/v2.50/avr/bin/../lib/gcc/avr/5.4.0/avrxmega3\libgcc.a(_ashrdi3.o)
 .stack.descriptors.hdr
                0x0000000000000134        0xe c:/program files/microchip/xc8/v2.50/avr/bin/../lib/gcc/avr/5.4.0/avrxmega3\libgcc.a(_udivmodhi4.o)
 .stack.descriptors.hdr
                0x0000000000000142        0xe c:/program files/microchip/xc8/v2.50/avr/bin/../lib/gcc/avr/5.4.0/../../../../avr/lib/avrxmega3\libc.a(exit.o)
 .stack.descriptors.hdr
                0x0000000000000150        0xe c:/program files/microchip/xc8/v2.50/avr/bin/../lib/gcc/avr/5.4.0/../../../../avr/lib/avrxmega3\libc.a(__sio_sprintf_doux.o)
 .stack.descriptors.hdr
                0x000000000000015e        0xe c:/program files/microchip/xc8/v2.50/avr/bin/../lib/gcc/avr/5.4.0/../../../../avr/lib/avrxmega3\libc.a(__fmt_d.o)
 .stack.descriptors.hdr
                0x000000000000016c        0xe c:/program files/microchip/xc8/v2.50/avr/bin/../lib/gcc/avr/5.4.0/../../../../avr/lib/avrxmega3\libc.a(__fmt_o.o)
 .stack.descriptors.hdr
                0x000000000000017a        0xe c:/program files/microchip/xc8/v2.50/avr/bin/../lib/gcc/avr/5.4.0/../../../../avr/lib/avrxmega3\libc.a(__fmt_s.o)
 .stack.descriptors.hdr
                0x0000000000000188        0xe c:/program files/microchip/xc8/v2.50/avr/bin/../lib/gcc/avr/5.4.0/../../../../avr/lib/avrxmega3\libc.a(__fmt_u.o)
 .stack.descriptors.hdr
                0x0000000000000196        0xe c:/program files/microchip/xc8/v2.50/avr/bin/../lib/gcc/avr/5.4.0/../../../../avr/lib/avrxmega3\libc.a(__fmt_x.o)
 .stack.descriptors.hdr
                0x00000000000001a4        0xe c:/program files/microchip/xc8/v2.50/avr/bin/../lib/gcc/avr/5.4.0/../../../../avr/lib/avrxmega3\libc.a(__pop_int.o)
 .stack.descriptors.hdr
                0x00000000000001b2        0xe c:/program files/microchip/xc8/v2.50/avr/bin/../lib/gcc/avr/5.4.0/../../../../avr/lib/avrxmega3\libc.a(__printf_core.o)
 .stack.descriptors.hdr
                0x00000000000001c0        0xe c:/program files/microchip/xc8/v2.50/avr/bin/../lib/gcc/avr/5.4.0/../../../../avr/lib/avrxmega3\libc.a(fputc.o)
 .stack.descriptors.hdr
                0x00000000000001ce        0xe c:/program files/microchip/xc8/v2.50/avr/bin/../lib/gcc/avr/5.4.0/../../../../avr/lib/avrxmega3\libc.a(strcmp.o)
 .stack.descriptors.hdr
                0x00000000000001dc        0xe c:/program files/microchip/xc8/v2.50/avr/bin/../lib/gcc/avr/5.4.0/../../../../avr/lib/avrxmega3\libc.a(strlen.o)
 .stack.descriptors.hdr
                0x00000000000001ea        0xe c:/program files/microchip/xc8/v2.50/avr/bin/../lib/gcc/avr/5.4.0/../../../../avr/lib/avrxmega3\libc.a(tolower.o)
 .stack.descriptors.hdr
                0x00000000000001f8        0xe c:/program files/microchip/xc8/v2.50/avr/bin/../lib/gcc/avr/5.4.0/../../../../avr/lib/avrxmega3\libc.a(toupper.o)
 .stack.descriptors.hdr
                0x0000000000000206        0xe c:/program files/microchip/xc8/v2.50/avr/bin/../lib/gcc/avr/5.4.0/../../../../avr/lib/avrxmega3\libc.a(errno.o)
 .stack.descriptors.hdr
                0x0000000000000214        0xe c:/program files/microchip/xc8/v2.50/avr/bin/../lib/gcc/avr/5.4.0/../../../../avr/lib/avrxmega3\libc.a(_Exit.o)
 .stack.descriptors.hdr
                0x0000000000000222        0xe c:/program files/microchip/xc8/v2.50/avr/bin/../lib/gcc/avr/5.4.0/../../../../avr/lib/avrxmega3\libc.a(__int_vsprintf.o)
 .stack.descriptors.hdr
                0x0000000000000230        0xe c:/program files/microchip/xc8/v2.50/avr/bin/../lib/gcc/avr/5.4.0/../../../../avr/lib/avrxmega3\libc.a(__int_vsnprintf.o)
 .stack.descriptors.hdr
                0x000000000000023e        0xe c:/program files/microchip/xc8/v2.50/avr/bin/../lib/gcc/avr/5.4.0/../../../../avr/lib/avrxmega3\libc.a(__int_vfprintf.o)
 .stack.descriptors.hdr
                0x000000000000024c        0xe c:/program files/microchip/xc8/v2.50/avr/bin/../lib/gcc/avr/5.4.0/avrxmega3\libgcc.a(_udivmodsi4.o)
 .stack.descriptors.hdr
                0x000000000000025a        0xe c:/program files/microchip/xc8/v2.50/avr/bin/../lib/gcc/avr/5.4.0/avrxmega3\libgcc.a(_exit.o)

.note.GNU-stack
                0x0000000000000000        0x0
 .note.GNU-stack
                0x0000000000000000        0x0 c:/program files/microchip/xc8/v2.50/avr/bin/../lib/gcc/avr/5.4.0/../../../../avr/lib/avrxmega3\libm.a(addsf3.o)
 .note.GNU-stack
                0x0000000000000000        0x0 c:/program files/microchip/xc8/v2.50/avr/bin/../lib/gcc/avr/5.4.0/../../../../avr/lib/avrxmega3\libm.a(addsf3x.o)
 .note.GNU-stack
                0x0000000000000000        0x0 c:/program files/microchip/xc8/v2.50/avr/bin/../lib/gcc/avr/5.4.0/../../../../avr/lib/avrxmega3\libm.a(cmpsf2.o)
 .note.GNU-stack
                0x0000000000000000        0x0 c:/program files/microchip/xc8/v2.50/avr/bin/../lib/gcc/avr/5.4.0/../../../../avr/lib/avrxmega3\libm.a(divsf3.o)
 .note.GNU-stack
                0x0000000000000000        0x0 c:/program files/microchip/xc8/v2.50/avr/bin/../lib/gcc/avr/5.4.0/../../../../avr/lib/avrxmega3\libm.a(divsf3x.o)
 .note.GNU-stack
                0x0000000000000000        0x0 c:/program files/microchip/xc8/v2.50/avr/bin/../lib/gcc/avr/5.4.0/../../../../avr/lib/avrxmega3\libm.a(fixunssfsi.o)
 .note.GNU-stack
                0x0000000000000000        0x0 c:/program files/microchip/xc8/v2.50/avr/bin/../lib/gcc/avr/5.4.0/../../../../avr/lib/avrxmega3\libm.a(floatsisf.o)
 .note.GNU-stack
                0x0000000000000000        0x0 c:/program files/microchip/xc8/v2.50/avr/bin/../lib/gcc/avr/5.4.0/../../../../avr/lib/avrxmega3\libm.a(fp_cmp.o)
 .note.GNU-stack
                0x0000000000000000        0x0 c:/program files/microchip/xc8/v2.50/avr/bin/../lib/gcc/avr/5.4.0/../../../../avr/lib/avrxmega3\libm.a(fp_inf.o)
 .note.GNU-stack
                0x0000000000000000        0x0 c:/program files/microchip/xc8/v2.50/avr/bin/../lib/gcc/avr/5.4.0/../../../../avr/lib/avrxmega3\libm.a(fp_nan.o)
 .note.GNU-stack
                0x0000000000000000        0x0 c:/program files/microchip/xc8/v2.50/avr/bin/../lib/gcc/avr/5.4.0/../../../../avr/lib/avrxmega3\libm.a(fp_pscA.o)
 .note.GNU-stack
                0x0000000000000000        0x0 c:/program files/microchip/xc8/v2.50/avr/bin/../lib/gcc/avr/5.4.0/../../../../avr/lib/avrxmega3\libm.a(fp_pscB.o)
 .note.GNU-stack
                0x0000000000000000        0x0 c:/program files/microchip/xc8/v2.50/avr/bin/../lib/gcc/avr/5.4.0/../../../../avr/lib/avrxmega3\libm.a(fp_round.o)
 .note.GNU-stack
                0x0000000000000000        0x0 c:/program files/microchip/xc8/v2.50/avr/bin/../lib/gcc/avr/5.4.0/../../../../avr/lib/avrxmega3\libm.a(fp_split3.o)
 .note.GNU-stack
                0x0000000000000000        0x0 c:/program files/microchip/xc8/v2.50/avr/bin/../lib/gcc/avr/5.4.0/../../../../avr/lib/avrxmega3\libm.a(fp_zero.o)
 .note.GNU-stack
                0x0000000000000000        0x0 c:/program files/microchip/xc8/v2.50/avr/bin/../lib/gcc/avr/5.4.0/../../../../avr/lib/avrxmega3\libm.a(mulsf3.o)
 .note.GNU-stack
                0x0000000000000000        0x0 c:/program files/microchip/xc8/v2.50/avr/bin/../lib/gcc/avr/5.4.0/../../../../avr/lib/avrxmega3\libm.a(mulsf3x.o)
 .note.GNU-stack
                0x0000000000000000        0x0 c:/program files/microchip/xc8/v2.50/avr/bin/../lib/gcc/avr/5.4.0/../../../../avr/lib/avrxmega3\libc.a(exit.o)
 .note.GNU-stack
                0x0000000000000000        0x0 c:/program files/microchip/xc8/v2.50/avr/bin/../lib/gcc/avr/5.4.0/../../../../avr/lib/avrxmega3\libc.a(__sio_sprintf_doux.o)
 .note.GNU-stack
                0x0000000000000000        0x0 c:/program files/microchip/xc8/v2.50/avr/bin/../lib/gcc/avr/5.4.0/../../../../avr/lib/avrxmega3\libc.a(__fmt_d.o)
 .note.GNU-stack
                0x0000000000000000        0x0 c:/program files/microchip/xc8/v2.50/avr/bin/../lib/gcc/avr/5.4.0/../../../../avr/lib/avrxmega3\libc.a(__fmt_o.o)
 .note.GNU-stack
                0x0000000000000000        0x0 c:/program files/microchip/xc8/v2.50/avr/bin/../lib/gcc/avr/5.4.0/../../../../avr/lib/avrxmega3\libc.a(__fmt_s.o)
 .note.GNU-stack
                0x0000000000000000        0x0 c:/program files/microchip/xc8/v2.50/avr/bin/../lib/gcc/avr/5.4.0/../../../../avr/lib/avrxmega3\libc.a(__fmt_u.o)
 .note.GNU-stack
                0x0000000000000000        0x0 c:/program files/microchip/xc8/v2.50/avr/bin/../lib/gcc/avr/5.4.0/../../../../avr/lib/avrxmega3\libc.a(__fmt_x.o)
 .note.GNU-stack
                0x0000000000000000        0x0 c:/program files/microchip/xc8/v2.50/avr/bin/../lib/gcc/avr/5.4.0/../../../../avr/lib/avrxmega3\libc.a(__pop_int.o)
 .note.GNU-stack
                0x0000000000000000        0x0 c:/program files/microchip/xc8/v2.50/avr/bin/../lib/gcc/avr/5.4.0/../../../../avr/lib/avrxmega3\libc.a(__printf_core.o)
 .note.GNU-stack
                0x0000000000000000        0x0 c:/program files/microchip/xc8/v2.50/avr/bin/../lib/gcc/avr/5.4.0/../../../../avr/lib/avrxmega3\libc.a(fputc.o)
 .note.GNU-stack
                0x0000000000000000        0x0 c:/program files/microchip/xc8/v2.50/avr/bin/../lib/gcc/avr/5.4.0/../../../../avr/lib/avrxmega3\libc.a(strcmp.o)
 .note.GNU-stack
                0x0000000000000000        0x0 c:/program files/microchip/xc8/v2.50/avr/bin/../lib/gcc/avr/5.4.0/../../../../avr/lib/avrxmega3\libc.a(strlen.o)
 .note.GNU-stack
                0x0000000000000000        0x0 c:/program files/microchip/xc8/v2.50/avr/bin/../lib/gcc/avr/5.4.0/../../../../avr/lib/avrxmega3\libc.a(tolower.o)
 .note.GNU-stack
                0x0000000000000000        0x0 c:/program files/microchip/xc8/v2.50/avr/bin/../lib/gcc/avr/5.4.0/../../../../avr/lib/avrxmega3\libc.a(toupper.o)
 .note.GNU-stack
                0x0000000000000000        0x0 c:/program files/microchip/xc8/v2.50/avr/bin/../lib/gcc/avr/5.4.0/../../../../avr/lib/avrxmega3\libc.a(errno.o)
 .note.GNU-stack
                0x0000000000000000        0x0 c:/program files/microchip/xc8/v2.50/avr/bin/../lib/gcc/avr/5.4.0/../../../../avr/lib/avrxmega3\libc.a(_Exit.o)
 .note.GNU-stack
                0x0000000000000000        0x0 c:/program files/microchip/xc8/v2.50/avr/bin/../lib/gcc/avr/5.4.0/../../../../avr/lib/avrxmega3\libc.a(__int_vsprintf.o)
 .note.GNU-stack
                0x0000000000000000        0x0 c:/program files/microchip/xc8/v2.50/avr/bin/../lib/gcc/avr/5.4.0/../../../../avr/lib/avrxmega3\libc.a(__int_vsnprintf.o)
 .note.GNU-stack
                0x0000000000000000        0x0 c:/program files/microchip/xc8/v2.50/avr/bin/../lib/gcc/avr/5.4.0/../../../../avr/lib/avrxmega3\libc.a(__int_vfprintf.o)

.note.gnu.build-id
 *(.note.gnu.build-id)

.debug
 *(.debug)

.line
 *(.line)

.debug_srcinfo
 *(.debug_srcinfo)

.debug_sfnames
 *(.debug_sfnames)

.debug_aranges  0x0000000000000000      0x178
 *(.debug_aranges)
 .debug_aranges
                0x0000000000000000       0xa8 build/default/production/lora.o
 .debug_aranges
                0x00000000000000a8       0x38 build/default/production/main.o
 .debug_aranges
                0x00000000000000e0       0x48 build/default/production/spi.o
 .debug_aranges
                0x0000000000000128       0x30 build/default/production/uart.o
 .debug_aranges
                0x0000000000000158       0x20 build/default/production/tca.o

.debug_pubnames
 *(.debug_pubnames)

.debug_info     0x0000000000000000     0x6227
 *(.debug_info .gnu.linkonce.wi.*)
 .debug_info    0x0000000000000000     0x25a7 C:/Program Files/Microchip/MPLABX/v6.20/packs/Microchip/ATmega_DFP/3.1.264/xc8/avr/lib/avrxmega3/crtatmega3208.o
 .debug_info    0x00000000000025a7     0x119e build/default/production/lora.o
 .debug_info    0x0000000000003745     0x10ad build/default/production/main.o
 .debug_info    0x00000000000047f2      0x6dd build/default/production/spi.o
 .debug_info    0x0000000000004ecf      0x857 build/default/production/uart.o
 .debug_info    0x0000000000005726      0xb01 build/default/production/tca.o

.debug_abbrev   0x0000000000000000     0x2c65
 *(.debug_abbrev)
 .debug_abbrev  0x0000000000000000     0x23a4 C:/Program Files/Microchip/MPLABX/v6.20/packs/Microchip/ATmega_DFP/3.1.264/xc8/avr/lib/avrxmega3/crtatmega3208.o
 .debug_abbrev  0x00000000000023a4      0x2bc build/default/production/lora.o
 .debug_abbrev  0x0000000000002660      0x218 build/default/production/main.o
 .debug_abbrev  0x0000000000002878      0x16a build/default/production/spi.o
 .debug_abbrev  0x00000000000029e2      0x18a build/default/production/uart.o
 .debug_abbrev  0x0000000000002b6c       0xf9 build/default/production/tca.o

.debug_line     0x0000000000000000      0xfcc
 *(.debug_line .debug_line.* .debug_line_end)
 .debug_line    0x0000000000000000      0x16f C:/Program Files/Microchip/MPLABX/v6.20/packs/Microchip/ATmega_DFP/3.1.264/xc8/avr/lib/avrxmega3/crtatmega3208.o
 .debug_line    0x000000000000016f      0x58d build/default/production/lora.o
 .debug_line    0x00000000000006fc      0x489 build/default/production/main.o
 .debug_line    0x0000000000000b85      0x1be build/default/production/spi.o
 .debug_line    0x0000000000000d43      0x175 build/default/production/uart.o
 .debug_line    0x0000000000000eb8      0x114 build/default/production/tca.o

.debug_frame    0x0000000000000000      0x440
 *(.debug_frame)
 .debug_frame   0x0000000000000000      0x264 build/default/production/lora.o
 .debug_frame   0x0000000000000264       0xe0 build/default/production/main.o
 .debug_frame   0x0000000000000344       0x84 build/default/production/spi.o
 .debug_frame   0x00000000000003c8       0x54 build/default/production/uart.o
 .debug_frame   0x000000000000041c       0x24 build/default/production/tca.o

.debug_str      0x0000000000000000     0x113b
 *(.debug_str)
 .debug_str     0x0000000000000000      0xfdf C:/Program Files/Microchip/MPLABX/v6.20/packs/Microchip/ATmega_DFP/3.1.264/xc8/avr/lib/avrxmega3/crtatmega3208.o
 .debug_str     0x0000000000000fdf       0x2f build/default/production/lora.o
 .debug_str     0x000000000000100e       0xbc build/default/production/main.o
 .debug_str     0x00000000000010ca       0x14 build/default/production/spi.o
 .debug_str     0x00000000000010de        0xb build/default/production/uart.o
 .debug_str     0x00000000000010e9       0x52 build/default/production/tca.o

.debug_loc      0x0000000000000000      0x837
 *(.debug_loc)
 .debug_loc     0x0000000000000000      0x587 build/default/production/lora.o
 .debug_loc     0x0000000000000587      0x11e build/default/production/main.o
 .debug_loc     0x00000000000006a5      0x101 build/default/production/spi.o
 .debug_loc     0x00000000000007a6       0x91 build/default/production/uart.o

.debug_macinfo
 *(.debug_macinfo)

.debug_weaknames
 *(.debug_weaknames)

.debug_funcnames
 *(.debug_funcnames)

.debug_typenames
 *(.debug_typenames)

.debug_varnames
 *(.debug_varnames)

.debug_pubtypes
 *(.debug_pubtypes)

.debug_ranges   0x0000000000000000      0x128
 *(.debug_ranges)
 .debug_ranges  0x0000000000000000       0x98 build/default/production/lora.o
 .debug_ranges  0x0000000000000098       0x28 build/default/production/main.o
 .debug_ranges  0x00000000000000c0       0x38 build/default/production/spi.o
 .debug_ranges  0x00000000000000f8       0x20 build/default/production/uart.o
 .debug_ranges  0x0000000000000118       0x10 build/default/production/tca.o

.debug_macro
 *(.debug_macro)
OUTPUT(dist/default/production/avr-ble.X.production.elf elf32-avr)
LOAD linker stubs
LOAD data_init

.note.gnu.avr.deviceinfo
                0x0000000000000000       0x40
 .note.gnu.avr.deviceinfo
                0x0000000000000000       0x40 C:/Program Files/Microchip/MPLABX/v6.20/packs/Microchip/ATmega_DFP/3.1.264/xc8/avr/lib/avrxmega3/crtatmega3208.o

.bss.lora_rx_event_callback
                0x000000000080310d        0x2
 .bss.lora_rx_event_callback
                0x000000000080310d        0x2 build/default/production/lora.o

.bss.rx_done_flag
                0x000000000080310f        0x1
 .bss.rx_done_flag
                0x000000000080310f        0x1 build/default/production/lora.o
                0x000000000080310f                rx_done_flag

.bss.buf        0x0000000000803002       0xff
 .bss.buf       0x0000000000803002       0xff build/default/production/lora.o
                0x0000000000803002                buf

.bss.firstTick  0x0000000000803110        0x1
 .bss.firstTick
                0x0000000000803110        0x1 build/default/production/main.o
                0x0000000000803110                firstTick

.bss.igniteButtonBuffer
                0x0000000000803111        0x1
 .bss.igniteButtonBuffer
                0x0000000000803111        0x1 build/default/production/main.o
                0x0000000000803111                igniteButtonBuffer

.bss.armButtonBuffer
                0x0000000000803112        0x1
 .bss.armButtonBuffer
                0x0000000000803112        0x1 build/default/production/main.o
                0x0000000000803112                armButtonBuffer

.bss.armButtonDown
                0x0000000000803101        0x4
 .bss.armButtonDown
                0x0000000000803101        0x4 build/default/production/main.o
                0x0000000000803101                armButtonDown

.bss.mustRelease
                0x0000000000803113        0x1
 .bss.mustRelease
                0x0000000000803113        0x1 build/default/production/main.o
                0x0000000000803113                mustRelease

.bss.hasConnection
                0x0000000000803114        0x1
 .bss.hasConnection
                0x0000000000803114        0x1 build/default/production/main.o
                0x0000000000803114                hasConnection

.bss.receivedGood
                0x0000000000803115        0x1
 .bss.receivedGood
                0x0000000000803115        0x1 build/default/production/main.o
                0x0000000000803115                receivedGood

.bss.ledMillis  0x0000000000803105        0x4
 .bss.ledMillis
                0x0000000000803105        0x4 build/default/production/main.o
                0x0000000000803105                ledMillis

.bss.millis     0x0000000000803109        0x4
 .bss.millis    0x0000000000803109        0x4 build/default/production/main.o
                0x0000000000803109                millis

.text.vfpfcnvrt
                0x00000000000000ea      0x3fc
 .text.vfpfcnvrt
                0x00000000000000ea      0x3fc c:/program files/microchip/xc8/v2.50/avr/bin/../lib/gcc/avr/5.4.0/../../../../avr/lib/avrxmega3\libc.a(__printf_core.o)
                0x00000000000000ea                vfpfcnvrt

.text.main      0x00000000000004e6      0x2ba
 .text.main     0x00000000000004e6      0x2ba build/default/production/main.o
                0x00000000000004e6                main

.text.__fmt_x   0x00000000000007a0      0x1dc
 .text.__fmt_x  0x00000000000007a0      0x1dc c:/program files/microchip/xc8/v2.50/avr/bin/../lib/gcc/avr/5.4.0/../../../../avr/lib/avrxmega3\libc.a(__fmt_x.o)
                0x00000000000007a0                __fmt_x_needed
                0x00000000000007a0                __fmt_x

.text.parse_lora
                0x000000000000097c      0x124
 .text.parse_lora
                0x000000000000097c      0x124 build/default/production/main.o
                0x000000000000097c                parse_lora

.text.lora_init
                0x0000000000000aa0       0xf8
 .text.lora_init
                0x0000000000000aa0       0xf8 build/default/production/lora.o
                0x0000000000000aa0                lora_init

.text.__fmt_d   0x0000000000000b98       0xe4
 .text.__fmt_d  0x0000000000000b98       0xe4 c:/program files/microchip/xc8/v2.50/avr/bin/../lib/gcc/avr/5.4.0/../../../../avr/lib/avrxmega3\libc.a(__fmt_d.o)
                0x0000000000000b98                __fmt_d
                0x0000000000000b98                __fmt_d_needed

.text           0x0000000000000c7c       0xde
 .text          0x0000000000000c7c       0xde c:/program files/microchip/xc8/v2.50/avr/bin/../lib/gcc/avr/5.4.0/../../../../avr/lib/avrxmega3\libm.a(divsf3x.o)
                0x0000000000000c7c                __divsf3x
                0x0000000000000ca4                __divsf3_pse

.rodata         0x0000000000804d5a       0xdd load address 0x0000000000000d5a
 .rodata        0x0000000000804d5a       0xdd build/default/production/main.o

.text.lora_receive
                0x0000000000000e38       0xda
 .text.lora_receive
                0x0000000000000e38       0xda build/default/production/lora.o
                0x0000000000000e38                lora_receive

.text.__vector_7
                0x0000000000000f12       0xd4
 .text.__vector_7
                0x0000000000000f12       0xd4 build/default/production/main.o
                0x0000000000000f12                __vector_7

.text           0x0000000000000fe6       0xd4
 .text          0x0000000000000fe6       0xd4 c:/program files/microchip/xc8/v2.50/avr/bin/../lib/gcc/avr/5.4.0/../../../../avr/lib/avrxmega3\libm.a(mulsf3x.o)
                0x0000000000000fe6                __mulsf3x
                0x000000000000100c                __mulsf3_pse

.text.__pop_int
                0x00000000000010ba       0xd0
 .text.__pop_int
                0x00000000000010ba       0xd0 c:/program files/microchip/xc8/v2.50/avr/bin/../lib/gcc/avr/5.4.0/../../../../avr/lib/avrxmega3\libc.a(__pop_int.o)
                0x00000000000010ba                __pop_int_needed
                0x00000000000010ba                __pop_int

.text           0x000000000000118a       0xce
 .text          0x000000000000118a       0xce c:/program files/microchip/xc8/v2.50/avr/bin/../lib/gcc/avr/5.4.0/../../../../avr/lib/avrxmega3\libm.a(addsf3x.o)
                0x000000000000118a                __addsf3x

.text.__cvt_u   0x0000000000001258       0xca
 .text.__cvt_u  0x0000000000001258       0xca c:/program files/microchip/xc8/v2.50/avr/bin/../lib/gcc/avr/5.4.0/../../../../avr/lib/avrxmega3\libc.a(__fmt_u.o)
                0x0000000000001258                __cvt_u

.text.__fmt_o   0x0000000000001322       0xb2
 .text.__fmt_o  0x0000000000001322       0xb2 c:/program files/microchip/xc8/v2.50/avr/bin/../lib/gcc/avr/5.4.0/../../../../avr/lib/avrxmega3\libc.a(__fmt_o.o)
                0x0000000000001322                __fmt_o
                0x0000000000001322                __fmt_o_needed

.text.lora_set_freq
                0x00000000000013d4       0xaa
 .text.lora_set_freq
                0x00000000000013d4       0xaa build/default/production/lora.o
                0x00000000000013d4                lora_set_freq

.text.lora_send
                0x000000000000147e       0xa6
 .text.lora_send
                0x000000000000147e       0xa6 build/default/production/lora.o
                0x000000000000147e                lora_send

.text.libgcc.div
                0x0000000000001524       0xa2
 .text.libgcc.div
                0x0000000000001524       0xa2 c:/program files/microchip/xc8/v2.50/avr/bin/../lib/gcc/avr/5.4.0/avrxmega3\libgcc.a(_udivmod64.o)
                0x0000000000001524                __udivmod64

.text.fputc     0x00000000000015c6       0x98
 .text.fputc    0x00000000000015c6       0x98 c:/program files/microchip/xc8/v2.50/avr/bin/../lib/gcc/avr/5.4.0/../../../../avr/lib/avrxmega3\libc.a(fputc.o)
                0x00000000000015c6                fputc
                0x00000000000015c6                putc

.text.__fmt_u   0x000000000000165e       0x8e
 .text.__fmt_u  0x000000000000165e       0x8e c:/program files/microchip/xc8/v2.50/avr/bin/../lib/gcc/avr/5.4.0/../../../../avr/lib/avrxmega3\libc.a(__fmt_u.o)
                0x000000000000165e                __fmt_u_needed
                0x000000000000165e                __fmt_u

.text           0x00000000000016ec       0x7a
 .text          0x00000000000016ec       0x7a c:/program files/microchip/xc8/v2.50/avr/bin/../lib/gcc/avr/5.4.0/../../../../avr/lib/avrxmega3\libm.a(floatsisf.o)
                0x00000000000016ec                __floatunsisf
                0x00000000000016f0                __floatsisf

.text.__printf_core
                0x0000000000001766       0x78
 .text.__printf_core
                0x0000000000001766       0x78 c:/program files/microchip/xc8/v2.50/avr/bin/../lib/gcc/avr/5.4.0/../../../../avr/lib/avrxmega3\libc.a(__printf_core.o)
                0x0000000000001766                __printf_core

.text.__vsnprintf
                0x00000000000017de       0x74
 .text.__vsnprintf
                0x00000000000017de       0x74 c:/program files/microchip/xc8/v2.50/avr/bin/../lib/gcc/avr/5.4.0/../../../../avr/lib/avrxmega3\libc.a(__int_vsnprintf.o)
                0x00000000000017de                __vsnprintf

.text.__pad     0x0000000000001852       0x72
 .text.__pad    0x0000000000001852       0x72 c:/program files/microchip/xc8/v2.50/avr/bin/../lib/gcc/avr/5.4.0/../../../../avr/lib/avrxmega3\libc.a(__printf_core.o)
                0x0000000000001852                __pad

.text.uart_init
                0x00000000000018c4       0x5e
 .text.uart_init
                0x00000000000018c4       0x5e build/default/production/uart.o
                0x00000000000018c4                uart_init

.text           0x0000000000001922       0x5e
 .text          0x0000000000001922       0x5e c:/program files/microchip/xc8/v2.50/avr/bin/../lib/gcc/avr/5.4.0/../../../../avr/lib/avrxmega3\libm.a(fixunssfsi.o)
                0x0000000000001922                __fixunssfsi

.text.read_prec_or_width
                0x0000000000001980       0x5c
 .text.read_prec_or_width
                0x0000000000001980       0x5c c:/program files/microchip/xc8/v2.50/avr/bin/../lib/gcc/avr/5.4.0/../../../../avr/lib/avrxmega3\libc.a(__printf_core.o)

.text.lora_last_packet_rssi
                0x00000000000019dc       0x5a
 .text.lora_last_packet_rssi
                0x00000000000019dc       0x5a build/default/production/lora.o
                0x00000000000019dc                lora_last_packet_rssi

.text.__fmt_s   0x0000000000001a36       0x54
 .text.__fmt_s  0x0000000000001a36       0x54 c:/program files/microchip/xc8/v2.50/avr/bin/../lib/gcc/avr/5.4.0/../../../../avr/lib/avrxmega3\libc.a(__fmt_s.o)
                0x0000000000001a36                __fmt_s
                0x0000000000001a36                __fmt_0_needed
                0x0000000000001a36                __fmt_s_needed

.text.lora_tx_power
                0x0000000000001a8a       0x48
 .text.lora_tx_power
                0x0000000000001a8a       0x48 build/default/production/lora.o
                0x0000000000001a8a                lora_tx_power

.text           0x0000000000001ad2       0x48
 .text          0x0000000000001ad2       0x48 c:/program files/microchip/xc8/v2.50/avr/bin/../lib/gcc/avr/5.4.0/../../../../avr/lib/avrxmega3\libm.a(fp_cmp.o)
                0x0000000000001ad2                __fp_cmp

.text           0x0000000000001b1a       0x44
 .text          0x0000000000001b1a       0x44 c:/program files/microchip/xc8/v2.50/avr/bin/../lib/gcc/avr/5.4.0/../../../../avr/lib/avrxmega3\libm.a(fp_split3.o)
                0x0000000000001b1a                __fp_split3
                0x0000000000001b2a                __fp_splitA

.text.libgcc.div
                0x0000000000001b5e       0x44
 .text.libgcc.div
                0x0000000000001b5e       0x44 c:/program files/microchip/xc8/v2.50/avr/bin/../lib/gcc/avr/5.4.0/avrxmega3\libgcc.a(_udivmodsi4.o)
                0x0000000000001b5e                __udivmodsi4

.text.__fmt_state
                0x0000000000001ba2       0x40
 .text.__fmt_state
                0x0000000000001ba2       0x40 c:/program files/microchip/xc8/v2.50/avr/bin/../lib/gcc/avr/5.4.0/../../../../avr/lib/avrxmega3\libc.a(__printf_core.o)
                0x0000000000001ba2                __fmt_state

.text.sendIgnite
                0x0000000000001be2       0x3e
 .text.sendIgnite
                0x0000000000001be2       0x3e build/default/production/main.o
                0x0000000000001be2                sendIgnite

.text.libgcc.builtins
                0x0000000000001c20       0x3c
 .text.libgcc.builtins
                0x0000000000001c20       0x3c c:/program files/microchip/xc8/v2.50/avr/bin/../lib/gcc/avr/5.4.0/avrxmega3\libgcc.a(_ashrdi3.o)
                0x0000000000001c20                __ashrdi3
                0x0000000000001c24                __lshrdi3

.text.__out     0x0000000000001c5c       0x3a
 .text.__out    0x0000000000001c5c       0x3a c:/program files/microchip/xc8/v2.50/avr/bin/../lib/gcc/avr/5.4.0/../../../../avr/lib/avrxmega3\libc.a(__printf_core.o)
                0x0000000000001c5c                __out

.text.lora_set_bandwidth
                0x0000000000001c96       0x38
 .text.lora_set_bandwidth
                0x0000000000001c96       0x38 build/default/production/lora.o
                0x0000000000001c96                lora_set_bandwidth

.text.lora_set_spreading_factor
                0x0000000000001cce       0x38
 .text.lora_set_spreading_factor
                0x0000000000001cce       0x38 build/default/production/lora.o
                0x0000000000001cce                lora_set_spreading_factor

.text.lora_set_coding_rate
                0x0000000000001d06       0x36
 .text.lora_set_coding_rate
                0x0000000000001d06       0x36 build/default/production/lora.o
                0x0000000000001d06                lora_set_coding_rate

.text.lora_set_ocp
                0x0000000000001d3c       0x34
 .text.lora_set_ocp
                0x0000000000001d3c       0x34 build/default/production/lora.o
                0x0000000000001d3c                lora_set_ocp

.text.spi_txrx  0x0000000000001d70       0x32
 .text.spi_txrx
                0x0000000000001d70       0x32 build/default/production/spi.o
                0x0000000000001d70                spi_txrx

.text.libgcc.builtins
                0x0000000000001da2       0x32
 .text.libgcc.builtins
                0x0000000000001da2       0x32 c:/program files/microchip/xc8/v2.50/avr/bin/../lib/gcc/avr/5.4.0/avrxmega3\libgcc.a(_ashldi3.o)
                0x0000000000001da2                __ashldi3

.text.libgcc.prologue
                0x0000000000001dd4       0x32
 .text.libgcc.prologue
                0x0000000000001dd4       0x32 c:/program files/microchip/xc8/v2.50/avr/bin/../lib/gcc/avr/5.4.0/avrxmega3\libgcc.a(_prologue.o)
                0x0000000000001dd4                __prologue_saves__

.text.__vfprintf
                0x0000000000001e06       0x30
 .text.__vfprintf
                0x0000000000001e06       0x30 c:/program files/microchip/xc8/v2.50/avr/bin/../lib/gcc/avr/5.4.0/../../../../avr/lib/avrxmega3\libc.a(__int_vfprintf.o)
                0x0000000000001e06                __vfprintf

.text.libgcc.prologue
                0x0000000000001e36       0x30
 .text.libgcc.prologue
                0x0000000000001e36       0x30 c:/program files/microchip/xc8/v2.50/avr/bin/../lib/gcc/avr/5.4.0/avrxmega3\libgcc.a(_epilogue.o)
                0x0000000000001e36                __epilogue_restores__

.text.lora_read_register
                0x0000000000001e66       0x2e
 .text.lora_read_register
                0x0000000000001e66       0x2e build/default/production/lora.o
                0x0000000000001e66                lora_read_register

.text.uart_tx   0x0000000000001e94       0x2e
 .text.uart_tx  0x0000000000001e94       0x2e build/default/production/uart.o
                0x0000000000001e94                uart_tx

.text.spi_init  0x0000000000001ec2       0x2c
 .text.spi_init
                0x0000000000001ec2       0x2c build/default/production/spi.o
                0x0000000000001ec2                spi_init

.text.lora_write_register
                0x0000000000001eee       0x2a
 .text.lora_write_register
                0x0000000000001eee       0x2a build/default/production/lora.o
                0x0000000000001eee                lora_write_register

.text.lora_explicit_header
                0x0000000000001f18       0x28
 .text.lora_explicit_header
                0x0000000000001f18       0x28 build/default/production/lora.o
                0x0000000000001f18                lora_explicit_header

.text.libgcc.div
                0x0000000000001f40       0x28
 .text.libgcc.div
                0x0000000000001f40       0x28 c:/program files/microchip/xc8/v2.50/avr/bin/../lib/gcc/avr/5.4.0/avrxmega3\libgcc.a(_divmodhi4.o)
                0x0000000000001f40                _div
                0x0000000000001f40                __divmodhi4

.text.libgcc.div
                0x0000000000001f68       0x28
 .text.libgcc.div
                0x0000000000001f68       0x28 c:/program files/microchip/xc8/v2.50/avr/bin/../lib/gcc/avr/5.4.0/avrxmega3\libgcc.a(_udivmodhi4.o)
                0x0000000000001f68                __udivmodhi4

.text.__wrap_sprintf
                0x0000000000001f90       0x24
 .text.__wrap_sprintf
                0x0000000000001f90       0x24 c:/program files/microchip/xc8/v2.50/avr/bin/../lib/gcc/avr/5.4.0/../../../../avr/lib/avrxmega3\libc.a(__sio_sprintf_doux.o)
                0x0000000000001f90                _sprintf_cdopuxX

.text           0x0000000000001fb4       0x22
 .text          0x0000000000001fb4       0x22 c:/program files/microchip/xc8/v2.50/avr/bin/../lib/gcc/avr/5.4.0/../../../../avr/lib/avrxmega3\libm.a(fp_round.o)
                0x0000000000001fb4                __fp_round

.text.tca_init  0x0000000000001fd6       0x20
 .text.tca_init
                0x0000000000001fd6       0x20 build/default/production/tca.o
                0x0000000000001fd6                tca_init

.text.spi_tx    0x0000000000001ff6       0x1c
 .text.spi_tx   0x0000000000001ff6       0x1c build/default/production/spi.o
                0x0000000000001ff6                spi_tx

.text.libgcc.div
                0x0000000000002012       0x1c
 .text.libgcc.div
                0x0000000000002012       0x1c c:/program files/microchip/xc8/v2.50/avr/bin/../lib/gcc/avr/5.4.0/avrxmega3\libgcc.a(_udivdi3.o)
                0x0000000000002012                __umoddi3
                0x0000000000002016                __udivdi3
                0x0000000000002018                __udivdi3_umoddi3

.text.strcmp    0x000000000000202e       0x1c
 .text.strcmp   0x000000000000202e       0x1c c:/program files/microchip/xc8/v2.50/avr/bin/../lib/gcc/avr/5.4.0/../../../../avr/lib/avrxmega3\libc.a(strcmp.o)
                0x000000000000202e                strcmp

.text.strlen    0x000000000000204a       0x1c
 .text.strlen   0x000000000000204a       0x1c c:/program files/microchip/xc8/v2.50/avr/bin/../lib/gcc/avr/5.4.0/../../../../avr/lib/avrxmega3\libc.a(strlen.o)
                0x000000000000204a                strlen

.text.__vector_6
                0x0000000000002066       0x1a
 .text.__vector_6
                0x0000000000002066       0x1a build/default/production/lora.o
                0x0000000000002066                __vector_6

.text.exit      0x0000000000002080       0x16
 .text.exit     0x0000000000002080       0x16 c:/program files/microchip/xc8/v2.50/avr/bin/../lib/gcc/avr/5.4.0/../../../../avr/lib/avrxmega3\libc.a(exit.o)
                0x0000000000002080                exit

.rodata.state_table
                0x0000000000806096       0x16 load address 0x0000000000002096
 .rodata.state_table
                0x0000000000806096       0x16 c:/program files/microchip/xc8/v2.50/avr/bin/../lib/gcc/avr/5.4.0/../../../../avr/lib/avrxmega3\libc.a(__printf_core.o)

.rodata         0x00000000008060ac       0x13 load address 0x00000000000020ac
 .rodata        0x00000000008060ac       0x13 build/default/production/uart.o

.text.toupper   0x00000000000020c0       0x12
 .text.toupper  0x00000000000020c0       0x12 c:/program files/microchip/xc8/v2.50/avr/bin/../lib/gcc/avr/5.4.0/../../../../avr/lib/avrxmega3\libc.a(toupper.o)
                0x00000000000020c0                toupper

.text.uart_putc
                0x00000000000020d2       0x10
 .text.uart_putc
                0x00000000000020d2       0x10 build/default/production/uart.o
                0x00000000000020d2                uart_putc

.text.tolower   0x00000000000020e2       0x10
 .text.tolower  0x00000000000020e2       0x10 c:/program files/microchip/xc8/v2.50/avr/bin/../lib/gcc/avr/5.4.0/../../../../avr/lib/avrxmega3\libc.a(tolower.o)
                0x00000000000020e2                tolower

.text           0x00000000000020f2        0xe
 .text          0x00000000000020f2        0xe c:/program files/microchip/xc8/v2.50/avr/bin/../lib/gcc/avr/5.4.0/../../../../avr/lib/avrxmega3\libm.a(addsf3.o)
                0x00000000000020f2                __subsf3
                0x00000000000020f4                __addsf3

.text           0x0000000000002100        0xe
 .text          0x0000000000002100        0xe c:/program files/microchip/xc8/v2.50/avr/bin/../lib/gcc/avr/5.4.0/../../../../avr/lib/avrxmega3\libm.a(fp_pscA.o)
                0x0000000000002100                __fp_pscA

.text           0x000000000000210e        0xe
 .text          0x000000000000210e        0xe c:/program files/microchip/xc8/v2.50/avr/bin/../lib/gcc/avr/5.4.0/../../../../avr/lib/avrxmega3\libm.a(fp_pscB.o)
                0x000000000000210e                __fp_pscB

.text           0x000000000000211c        0xe
 .text          0x000000000000211c        0xe c:/program files/microchip/xc8/v2.50/avr/bin/../lib/gcc/avr/5.4.0/../../../../avr/lib/avrxmega3\libm.a(fp_zero.o)
                0x000000000000211c                __fp_zero
                0x000000000000211e                __fp_szero

.text.__vsprintf
                0x000000000000212a        0xe
 .text.__vsprintf
                0x000000000000212a        0xe c:/program files/microchip/xc8/v2.50/avr/bin/../lib/gcc/avr/5.4.0/../../../../avr/lib/avrxmega3\libc.a(__int_vsprintf.o)
                0x000000000000212a                __vsprintf

.text.spi_enable
                0x0000000000002138        0xc
 .text.spi_enable
                0x0000000000002138        0xc build/default/production/spi.o
                0x0000000000002138                spi_enable

.text.spi_disable
                0x0000000000002144        0xc
 .text.spi_disable
                0x0000000000002144        0xc build/default/production/spi.o
                0x0000000000002144                spi_disable

.text           0x0000000000002150        0xc
 .text          0x0000000000002150        0xc c:/program files/microchip/xc8/v2.50/avr/bin/../lib/gcc/avr/5.4.0/../../../../avr/lib/avrxmega3\libm.a(fp_inf.o)
                0x0000000000002150                __fp_inf

.text.lora_sleep
                0x000000000000215c        0xa
 .text.lora_sleep
                0x000000000000215c        0xa build/default/production/lora.o
                0x000000000000215c                lora_sleep

.text.lora_standby
                0x0000000000002166        0xa
 .text.lora_standby
                0x0000000000002166        0xa build/default/production/lora.o
                0x0000000000002166                lora_standby

.text.register_lora_rx_event_callback
                0x0000000000002170        0xa
 .text.register_lora_rx_event_callback
                0x0000000000002170        0xa build/default/production/lora.o
                0x0000000000002170                register_lora_rx_event_callback

.text.lora_rx_continuous
                0x000000000000217a        0xa
 .text.lora_rx_continuous
                0x000000000000217a        0xa build/default/production/lora.o
                0x000000000000217a                lora_rx_continuous

.text.spi_rx    0x0000000000002184        0xa
 .text.spi_rx   0x0000000000002184        0xa build/default/production/spi.o
                0x0000000000002184                spi_rx

.text           0x000000000000218e        0xa
 .text          0x000000000000218e        0xa c:/program files/microchip/xc8/v2.50/avr/bin/../lib/gcc/avr/5.4.0/../../../../avr/lib/avrxmega3\libm.a(cmpsf2.o)
                0x000000000000218e                __nesf2
                0x000000000000218e                __eqsf2
                0x000000000000218e                __cmpsf2
                0x000000000000218e                __ltsf2
                0x000000000000218e                __lesf2

.text           0x0000000000002198        0x8
 .text          0x0000000000002198        0x8 c:/program files/microchip/xc8/v2.50/avr/bin/../lib/gcc/avr/5.4.0/../../../../avr/lib/avrxmega3\libm.a(divsf3.o)
                0x0000000000002198                __divsf3

.text           0x00000000000021a0        0x8
 .text          0x00000000000021a0        0x8 c:/program files/microchip/xc8/v2.50/avr/bin/../lib/gcc/avr/5.4.0/../../../../avr/lib/avrxmega3\libm.a(mulsf3.o)
                0x00000000000021a0                __mulsf3

.rodata.nuls.2781
                0x00000000008061a8        0x7 load address 0x00000000000021a8
 .rodata.nuls.2781
                0x00000000008061a8        0x7 c:/program files/microchip/xc8/v2.50/avr/bin/../lib/gcc/avr/5.4.0/../../../../avr/lib/avrxmega3\libc.a(__fmt_s.o)

.text           0x00000000000021b0        0x6
 .text          0x00000000000021b0        0x6 c:/program files/microchip/xc8/v2.50/avr/bin/../lib/gcc/avr/5.4.0/../../../../avr/lib/avrxmega3\libm.a(fp_nan.o)
                0x00000000000021b0                __fp_nan

.rodata.nilstr.2962
                0x00000000008061b6        0x6 load address 0x00000000000021b6
 .rodata.nilstr.2962
                0x00000000008061b6        0x6 c:/program files/microchip/xc8/v2.50/avr/bin/../lib/gcc/avr/5.4.0/../../../../avr/lib/avrxmega3\libc.a(__printf_core.o)

.text           0x00000000000021bc        0x4
 .text          0x00000000000021bc        0x4 C:/Program Files/Microchip/MPLABX/v6.20/packs/Microchip/ATmega_DFP/3.1.264/xc8/avr/lib/avrxmega3/crtatmega3208.o
                0x00000000000021bc                __vector_22
                0x00000000000021bc                __vector_28
                0x00000000000021bc                __vector_1
                0x00000000000021bc                __vector_32
                0x00000000000021bc                __vector_34
                0x00000000000021bc                __vector_24
                0x00000000000021bc                __vector_12
                0x00000000000021bc                __bad_interrupt
                0x00000000000021bc                __vector_31
                0x00000000000021bc                __vector_35
                0x00000000000021bc                __vector_3
                0x00000000000021bc                __vector_23
                0x00000000000021bc                __vector_30
                0x00000000000021bc                __vector_25
                0x00000000000021bc                __vector_11
                0x00000000000021bc                __vector_13
                0x00000000000021bc                __vector_17
                0x00000000000021bc                __vector_19
                0x00000000000021bc                __vector_27
                0x00000000000021bc                __vector_5
                0x00000000000021bc                __vector_33
                0x00000000000021bc                __vector_4
                0x00000000000021bc                __vector_9
                0x00000000000021bc                __vector_2
                0x00000000000021bc                __vector_21
                0x00000000000021bc                __vector_15
                0x00000000000021bc                __vector_29
                0x00000000000021bc                __vector_8
                0x00000000000021bc                __vector_26
                0x00000000000021bc                __vector_14
                0x00000000000021bc                __vector_10
                0x00000000000021bc                __vector_16
                0x00000000000021bc                __vector_18
                0x00000000000021bc                __vector_20

.text._Exit     0x00000000000021c0        0x4
 .text._Exit    0x00000000000021c0        0x4 c:/program files/microchip/xc8/v2.50/avr/bin/../lib/gcc/avr/5.4.0/../../../../avr/lib/avrxmega3\libc.a(_Exit.o)
                0x00000000000021c0                _Exit

.text.__dummy_fini
                0x00000000000021c4        0x2
 .text.__dummy_fini
                0x00000000000021c4        0x2 c:/program files/microchip/xc8/v2.50/avr/bin/../lib/gcc/avr/5.4.0/../../../../avr/lib/avrxmega3\libc.a(exit.o)
                0x00000000000021c4                _fini

.text.__dummy_funcs_on_exit
                0x00000000000021c6        0x2
 .text.__dummy_funcs_on_exit
                0x00000000000021c6        0x2 c:/program files/microchip/xc8/v2.50/avr/bin/../lib/gcc/avr/5.4.0/../../../../avr/lib/avrxmega3\libc.a(exit.o)
                0x00000000000021c6                __funcs_on_exit

.text.__dummy_simulator_exit
                0x00000000000021c8        0x2
 .text.__dummy_simulator_exit
                0x00000000000021c8        0x2 c:/program files/microchip/xc8/v2.50/avr/bin/../lib/gcc/avr/5.4.0/../../../../avr/lib/avrxmega3\libc.a(exit.o)
                0x00000000000021c8                __simulator_exit
