Archive member included to satisfy reference by file (symbol)

d:/program files/microchip/xc8/v2.50/avr/bin/../lib/gcc/avr/5.4.0/../../../../avr/lib/avrxmega3\libm.a(addsf3.o)
                              build/default/production/uart.o (__addsf3)
d:/program files/microchip/xc8/v2.50/avr/bin/../lib/gcc/avr/5.4.0/../../../../avr/lib/avrxmega3\libm.a(addsf3x.o)
                              d:/program files/microchip/xc8/v2.50/avr/bin/../lib/gcc/avr/5.4.0/../../../../avr/lib/avrxmega3\libm.a(addsf3.o) (__addsf3x)
d:/program files/microchip/xc8/v2.50/avr/bin/../lib/gcc/avr/5.4.0/../../../../avr/lib/avrxmega3\libm.a(cmpsf2.o)
                              build/default/production/lora.o (__ltsf2)
d:/program files/microchip/xc8/v2.50/avr/bin/../lib/gcc/avr/5.4.0/../../../../avr/lib/avrxmega3\libm.a(divsf3.o)
                              build/default/production/uart.o (__divsf3)
d:/program files/microchip/xc8/v2.50/avr/bin/../lib/gcc/avr/5.4.0/../../../../avr/lib/avrxmega3\libm.a(divsf3x.o)
                              d:/program files/microchip/xc8/v2.50/avr/bin/../lib/gcc/avr/5.4.0/../../../../avr/lib/avrxmega3\libm.a(divsf3.o) (__divsf3x)
d:/program files/microchip/xc8/v2.50/avr/bin/../lib/gcc/avr/5.4.0/../../../../avr/lib/avrxmega3\libm.a(fixunssfsi.o)
                              build/default/production/uart.o (__fixunssfsi)
d:/program files/microchip/xc8/v2.50/avr/bin/../lib/gcc/avr/5.4.0/../../../../avr/lib/avrxmega3\libm.a(floatsisf.o)
                              build/default/production/lora.o (__floatunsisf)
d:/program files/microchip/xc8/v2.50/avr/bin/../lib/gcc/avr/5.4.0/../../../../avr/lib/avrxmega3\libm.a(fp_cmp.o)
                              d:/program files/microchip/xc8/v2.50/avr/bin/../lib/gcc/avr/5.4.0/../../../../avr/lib/avrxmega3\libm.a(cmpsf2.o) (__fp_cmp)
d:/program files/microchip/xc8/v2.50/avr/bin/../lib/gcc/avr/5.4.0/../../../../avr/lib/avrxmega3\libm.a(fp_inf.o)
                              d:/program files/microchip/xc8/v2.50/avr/bin/../lib/gcc/avr/5.4.0/../../../../avr/lib/avrxmega3\libm.a(addsf3x.o) (__fp_inf)
d:/program files/microchip/xc8/v2.50/avr/bin/../lib/gcc/avr/5.4.0/../../../../avr/lib/avrxmega3\libm.a(fp_nan.o)
                              d:/program files/microchip/xc8/v2.50/avr/bin/../lib/gcc/avr/5.4.0/../../../../avr/lib/avrxmega3\libm.a(addsf3x.o) (__fp_nan)
d:/program files/microchip/xc8/v2.50/avr/bin/../lib/gcc/avr/5.4.0/../../../../avr/lib/avrxmega3\libm.a(fp_pscA.o)
                              d:/program files/microchip/xc8/v2.50/avr/bin/../lib/gcc/avr/5.4.0/../../../../avr/lib/avrxmega3\libm.a(addsf3x.o) (__fp_pscA)
d:/program files/microchip/xc8/v2.50/avr/bin/../lib/gcc/avr/5.4.0/../../../../avr/lib/avrxmega3\libm.a(fp_pscB.o)
                              d:/program files/microchip/xc8/v2.50/avr/bin/../lib/gcc/avr/5.4.0/../../../../avr/lib/avrxmega3\libm.a(addsf3x.o) (__fp_pscB)
d:/program files/microchip/xc8/v2.50/avr/bin/../lib/gcc/avr/5.4.0/../../../../avr/lib/avrxmega3\libm.a(fp_round.o)
                              d:/program files/microchip/xc8/v2.50/avr/bin/../lib/gcc/avr/5.4.0/../../../../avr/lib/avrxmega3\libm.a(addsf3.o) (__fp_round)
d:/program files/microchip/xc8/v2.50/avr/bin/../lib/gcc/avr/5.4.0/../../../../avr/lib/avrxmega3\libm.a(fp_split3.o)
                              d:/program files/microchip/xc8/v2.50/avr/bin/../lib/gcc/avr/5.4.0/../../../../avr/lib/avrxmega3\libm.a(addsf3x.o) (__fp_split3)
d:/program files/microchip/xc8/v2.50/avr/bin/../lib/gcc/avr/5.4.0/../../../../avr/lib/avrxmega3\libm.a(fp_zero.o)
                              d:/program files/microchip/xc8/v2.50/avr/bin/../lib/gcc/avr/5.4.0/../../../../avr/lib/avrxmega3\libm.a(addsf3x.o) (__fp_zero)
d:/program files/microchip/xc8/v2.50/avr/bin/../lib/gcc/avr/5.4.0/../../../../avr/lib/avrxmega3\libm.a(mulsf3.o)
                              build/default/production/uart.o (__mulsf3)
d:/program files/microchip/xc8/v2.50/avr/bin/../lib/gcc/avr/5.4.0/../../../../avr/lib/avrxmega3\libm.a(mulsf3x.o)
                              d:/program files/microchip/xc8/v2.50/avr/bin/../lib/gcc/avr/5.4.0/../../../../avr/lib/avrxmega3\libm.a(mulsf3.o) (__mulsf3x)
d:/program files/microchip/xc8/v2.50/avr/bin/../lib/gcc/avr/5.4.0/avrxmega3\libgcc.a(_divmodhi4.o)
                              build/default/production/lora.o (__divmodhi4)
d:/program files/microchip/xc8/v2.50/avr/bin/../lib/gcc/avr/5.4.0/avrxmega3\libgcc.a(_copy_data.o)
                              build/default/production/lora.o (__do_clear_bss)
d:/program files/microchip/xc8/v2.50/avr/bin/../lib/gcc/avr/5.4.0/avrxmega3\libgcc.a(_udivdi3.o)
                              build/default/production/lora.o (__udivdi3)
d:/program files/microchip/xc8/v2.50/avr/bin/../lib/gcc/avr/5.4.0/avrxmega3\libgcc.a(_udivmod64.o)
                              d:/program files/microchip/xc8/v2.50/avr/bin/../lib/gcc/avr/5.4.0/avrxmega3\libgcc.a(_udivdi3.o) (__udivmod64)
d:/program files/microchip/xc8/v2.50/avr/bin/../lib/gcc/avr/5.4.0/avrxmega3\libgcc.a(_ashldi3.o)
                              build/default/production/lora.o (__ashldi3)
d:/program files/microchip/xc8/v2.50/avr/bin/../lib/gcc/avr/5.4.0/avrxmega3\libgcc.a(_ashrdi3.o)
                              build/default/production/lora.o (__lshrdi3)
d:/program files/microchip/xc8/v2.50/avr/bin/../lib/gcc/avr/5.4.0/avrxmega3\libgcc.a(_udivmodhi4.o)
                              d:/program files/microchip/xc8/v2.50/avr/bin/../lib/gcc/avr/5.4.0/avrxmega3\libgcc.a(_divmodhi4.o) (__udivmodhi4)
d:/program files/microchip/xc8/v2.50/avr/bin/../lib/gcc/avr/5.4.0/../../../../avr/lib/avrxmega3\libc.a(exit.o)
                              D:/Program Files/Microchip/MPLABX/v6.20/packs/Microchip/ATmega_DFP/3.1.264/xc8/avr/lib/avrxmega3/crtatmega3208.o (exit)
d:/program files/microchip/xc8/v2.50/avr/bin/../lib/gcc/avr/5.4.0/../../../../avr/lib/avrxmega3\libc.a(_Exit.o)
                              d:/program files/microchip/xc8/v2.50/avr/bin/../lib/gcc/avr/5.4.0/../../../../avr/lib/avrxmega3\libc.a(exit.o) (_Exit)
d:/program files/microchip/xc8/v2.50/avr/bin/../lib/gcc/avr/5.4.0/avrxmega3\libgcc.a(_exit.o)
                              d:/program files/microchip/xc8/v2.50/avr/bin/../lib/gcc/avr/5.4.0/../../../../avr/lib/avrxmega3\libc.a(_Exit.o) (_exit)

Discarded input sections

 .data          0x0000000000000000        0x0 D:/Program Files/Microchip/MPLABX/v6.20/packs/Microchip/ATmega_DFP/3.1.264/xc8/avr/lib/avrxmega3/crtatmega3208.o
 .bss           0x0000000000000000        0x0 D:/Program Files/Microchip/MPLABX/v6.20/packs/Microchip/ATmega_DFP/3.1.264/xc8/avr/lib/avrxmega3/crtatmega3208.o
 .text          0x0000000000000000        0x0 build/default/production/lora.o
 .data          0x0000000000000000        0x0 build/default/production/lora.o
 .bss           0x0000000000000000        0x0 build/default/production/lora.o
 .text.lora_last_packet_rssi
                0x0000000000000000       0x5a build/default/production/lora.o
 .text          0x0000000000000000        0x0 build/default/production/main.o
 .data          0x0000000000000000        0x0 build/default/production/main.o
 .bss           0x0000000000000000        0x0 build/default/production/main.o
 .text          0x0000000000000000        0x0 build/default/production/spi.o
 .data          0x0000000000000000        0x0 build/default/production/spi.o
 .bss           0x0000000000000000        0x0 build/default/production/spi.o
 .text          0x0000000000000000        0x0 build/default/production/uart.o
 .data          0x0000000000000000        0x0 build/default/production/uart.o
 .bss           0x0000000000000000        0x0 build/default/production/uart.o
 .text          0x0000000000000000        0x0 build/default/production/tca.o
 .data          0x0000000000000000        0x0 build/default/production/tca.o
 .bss           0x0000000000000000        0x0 build/default/production/tca.o
 .data          0x0000000000000000        0x0 d:/program files/microchip/xc8/v2.50/avr/bin/../lib/gcc/avr/5.4.0/../../../../avr/lib/avrxmega3\libm.a(addsf3.o)
 .bss           0x0000000000000000        0x0 d:/program files/microchip/xc8/v2.50/avr/bin/../lib/gcc/avr/5.4.0/../../../../avr/lib/avrxmega3\libm.a(addsf3.o)
 .stack.descriptors
                0x0000000000000000       0x2c d:/program files/microchip/xc8/v2.50/avr/bin/../lib/gcc/avr/5.4.0/../../../../avr/lib/avrxmega3\libm.a(addsf3.o)
 .data          0x0000000000000000        0x0 d:/program files/microchip/xc8/v2.50/avr/bin/../lib/gcc/avr/5.4.0/../../../../avr/lib/avrxmega3\libm.a(addsf3x.o)
 .bss           0x0000000000000000        0x0 d:/program files/microchip/xc8/v2.50/avr/bin/../lib/gcc/avr/5.4.0/../../../../avr/lib/avrxmega3\libm.a(addsf3x.o)
 .stack.descriptors
                0x0000000000000000       0x17 d:/program files/microchip/xc8/v2.50/avr/bin/../lib/gcc/avr/5.4.0/../../../../avr/lib/avrxmega3\libm.a(addsf3x.o)
 .text          0x0000000000000000        0xa d:/program files/microchip/xc8/v2.50/avr/bin/../lib/gcc/avr/5.4.0/../../../../avr/lib/avrxmega3\libm.a(cmpsf2.o)
 .data          0x0000000000000000        0x0 d:/program files/microchip/xc8/v2.50/avr/bin/../lib/gcc/avr/5.4.0/../../../../avr/lib/avrxmega3\libm.a(cmpsf2.o)
 .bss           0x0000000000000000        0x0 d:/program files/microchip/xc8/v2.50/avr/bin/../lib/gcc/avr/5.4.0/../../../../avr/lib/avrxmega3\libm.a(cmpsf2.o)
 .stack.descriptors.hdr
                0x0000000000000000        0xe d:/program files/microchip/xc8/v2.50/avr/bin/../lib/gcc/avr/5.4.0/../../../../avr/lib/avrxmega3\libm.a(cmpsf2.o)
 .stack.descriptors
                0x0000000000000000       0x6a d:/program files/microchip/xc8/v2.50/avr/bin/../lib/gcc/avr/5.4.0/../../../../avr/lib/avrxmega3\libm.a(cmpsf2.o)
 .note.GNU-stack
                0x0000000000000000        0x0 d:/program files/microchip/xc8/v2.50/avr/bin/../lib/gcc/avr/5.4.0/../../../../avr/lib/avrxmega3\libm.a(cmpsf2.o)
 .data          0x0000000000000000        0x0 d:/program files/microchip/xc8/v2.50/avr/bin/../lib/gcc/avr/5.4.0/../../../../avr/lib/avrxmega3\libm.a(divsf3.o)
 .bss           0x0000000000000000        0x0 d:/program files/microchip/xc8/v2.50/avr/bin/../lib/gcc/avr/5.4.0/../../../../avr/lib/avrxmega3\libm.a(divsf3.o)
 .stack.descriptors
                0x0000000000000000       0x16 d:/program files/microchip/xc8/v2.50/avr/bin/../lib/gcc/avr/5.4.0/../../../../avr/lib/avrxmega3\libm.a(divsf3.o)
 .data          0x0000000000000000        0x0 d:/program files/microchip/xc8/v2.50/avr/bin/../lib/gcc/avr/5.4.0/../../../../avr/lib/avrxmega3\libm.a(divsf3x.o)
 .bss           0x0000000000000000        0x0 d:/program files/microchip/xc8/v2.50/avr/bin/../lib/gcc/avr/5.4.0/../../../../avr/lib/avrxmega3\libm.a(divsf3x.o)
 .stack.descriptors
                0x0000000000000000       0x31 d:/program files/microchip/xc8/v2.50/avr/bin/../lib/gcc/avr/5.4.0/../../../../avr/lib/avrxmega3\libm.a(divsf3x.o)
 .data          0x0000000000000000        0x0 d:/program files/microchip/xc8/v2.50/avr/bin/../lib/gcc/avr/5.4.0/../../../../avr/lib/avrxmega3\libm.a(fixunssfsi.o)
 .bss           0x0000000000000000        0x0 d:/program files/microchip/xc8/v2.50/avr/bin/../lib/gcc/avr/5.4.0/../../../../avr/lib/avrxmega3\libm.a(fixunssfsi.o)
 .stack.descriptors
                0x0000000000000000       0x1a d:/program files/microchip/xc8/v2.50/avr/bin/../lib/gcc/avr/5.4.0/../../../../avr/lib/avrxmega3\libm.a(fixunssfsi.o)
 .data          0x0000000000000000        0x0 d:/program files/microchip/xc8/v2.50/avr/bin/../lib/gcc/avr/5.4.0/../../../../avr/lib/avrxmega3\libm.a(floatsisf.o)
 .bss           0x0000000000000000        0x0 d:/program files/microchip/xc8/v2.50/avr/bin/../lib/gcc/avr/5.4.0/../../../../avr/lib/avrxmega3\libm.a(floatsisf.o)
 .stack.descriptors
                0x0000000000000000       0x34 d:/program files/microchip/xc8/v2.50/avr/bin/../lib/gcc/avr/5.4.0/../../../../avr/lib/avrxmega3\libm.a(floatsisf.o)
 .text          0x0000000000000000       0x48 d:/program files/microchip/xc8/v2.50/avr/bin/../lib/gcc/avr/5.4.0/../../../../avr/lib/avrxmega3\libm.a(fp_cmp.o)
 .data          0x0000000000000000        0x0 d:/program files/microchip/xc8/v2.50/avr/bin/../lib/gcc/avr/5.4.0/../../../../avr/lib/avrxmega3\libm.a(fp_cmp.o)
 .bss           0x0000000000000000        0x0 d:/program files/microchip/xc8/v2.50/avr/bin/../lib/gcc/avr/5.4.0/../../../../avr/lib/avrxmega3\libm.a(fp_cmp.o)
 .stack.descriptors.hdr
                0x0000000000000000        0xe d:/program files/microchip/xc8/v2.50/avr/bin/../lib/gcc/avr/5.4.0/../../../../avr/lib/avrxmega3\libm.a(fp_cmp.o)
 .stack.descriptors
                0x0000000000000000       0x16 d:/program files/microchip/xc8/v2.50/avr/bin/../lib/gcc/avr/5.4.0/../../../../avr/lib/avrxmega3\libm.a(fp_cmp.o)
 .note.GNU-stack
                0x0000000000000000        0x0 d:/program files/microchip/xc8/v2.50/avr/bin/../lib/gcc/avr/5.4.0/../../../../avr/lib/avrxmega3\libm.a(fp_cmp.o)
 .data          0x0000000000000000        0x0 d:/program files/microchip/xc8/v2.50/avr/bin/../lib/gcc/avr/5.4.0/../../../../avr/lib/avrxmega3\libm.a(fp_inf.o)
 .bss           0x0000000000000000        0x0 d:/program files/microchip/xc8/v2.50/avr/bin/../lib/gcc/avr/5.4.0/../../../../avr/lib/avrxmega3\libm.a(fp_inf.o)
 .stack.descriptors
                0x0000000000000000       0x16 d:/program files/microchip/xc8/v2.50/avr/bin/../lib/gcc/avr/5.4.0/../../../../avr/lib/avrxmega3\libm.a(fp_inf.o)
 .data          0x0000000000000000        0x0 d:/program files/microchip/xc8/v2.50/avr/bin/../lib/gcc/avr/5.4.0/../../../../avr/lib/avrxmega3\libm.a(fp_nan.o)
 .bss           0x0000000000000000        0x0 d:/program files/microchip/xc8/v2.50/avr/bin/../lib/gcc/avr/5.4.0/../../../../avr/lib/avrxmega3\libm.a(fp_nan.o)
 .stack.descriptors
                0x0000000000000000       0x16 d:/program files/microchip/xc8/v2.50/avr/bin/../lib/gcc/avr/5.4.0/../../../../avr/lib/avrxmega3\libm.a(fp_nan.o)
 .data          0x0000000000000000        0x0 d:/program files/microchip/xc8/v2.50/avr/bin/../lib/gcc/avr/5.4.0/../../../../avr/lib/avrxmega3\libm.a(fp_pscA.o)
 .bss           0x0000000000000000        0x0 d:/program files/microchip/xc8/v2.50/avr/bin/../lib/gcc/avr/5.4.0/../../../../avr/lib/avrxmega3\libm.a(fp_pscA.o)
 .stack.descriptors
                0x0000000000000000       0x17 d:/program files/microchip/xc8/v2.50/avr/bin/../lib/gcc/avr/5.4.0/../../../../avr/lib/avrxmega3\libm.a(fp_pscA.o)
 .data          0x0000000000000000        0x0 d:/program files/microchip/xc8/v2.50/avr/bin/../lib/gcc/avr/5.4.0/../../../../avr/lib/avrxmega3\libm.a(fp_pscB.o)
 .bss           0x0000000000000000        0x0 d:/program files/microchip/xc8/v2.50/avr/bin/../lib/gcc/avr/5.4.0/../../../../avr/lib/avrxmega3\libm.a(fp_pscB.o)
 .stack.descriptors
                0x0000000000000000       0x17 d:/program files/microchip/xc8/v2.50/avr/bin/../lib/gcc/avr/5.4.0/../../../../avr/lib/avrxmega3\libm.a(fp_pscB.o)
 .data          0x0000000000000000        0x0 d:/program files/microchip/xc8/v2.50/avr/bin/../lib/gcc/avr/5.4.0/../../../../avr/lib/avrxmega3\libm.a(fp_round.o)
 .bss           0x0000000000000000        0x0 d:/program files/microchip/xc8/v2.50/avr/bin/../lib/gcc/avr/5.4.0/../../../../avr/lib/avrxmega3\libm.a(fp_round.o)
 .stack.descriptors
                0x0000000000000000       0x18 d:/program files/microchip/xc8/v2.50/avr/bin/../lib/gcc/avr/5.4.0/../../../../avr/lib/avrxmega3\libm.a(fp_round.o)
 .data          0x0000000000000000        0x0 d:/program files/microchip/xc8/v2.50/avr/bin/../lib/gcc/avr/5.4.0/../../../../avr/lib/avrxmega3\libm.a(fp_split3.o)
 .bss           0x0000000000000000        0x0 d:/program files/microchip/xc8/v2.50/avr/bin/../lib/gcc/avr/5.4.0/../../../../avr/lib/avrxmega3\libm.a(fp_split3.o)
 .stack.descriptors
                0x0000000000000000       0x32 d:/program files/microchip/xc8/v2.50/avr/bin/../lib/gcc/avr/5.4.0/../../../../avr/lib/avrxmega3\libm.a(fp_split3.o)
 .data          0x0000000000000000        0x0 d:/program files/microchip/xc8/v2.50/avr/bin/../lib/gcc/avr/5.4.0/../../../../avr/lib/avrxmega3\libm.a(fp_zero.o)
 .bss           0x0000000000000000        0x0 d:/program files/microchip/xc8/v2.50/avr/bin/../lib/gcc/avr/5.4.0/../../../../avr/lib/avrxmega3\libm.a(fp_zero.o)
 .stack.descriptors
                0x0000000000000000       0x2f d:/program files/microchip/xc8/v2.50/avr/bin/../lib/gcc/avr/5.4.0/../../../../avr/lib/avrxmega3\libm.a(fp_zero.o)
 .data          0x0000000000000000        0x0 d:/program files/microchip/xc8/v2.50/avr/bin/../lib/gcc/avr/5.4.0/../../../../avr/lib/avrxmega3\libm.a(mulsf3.o)
 .bss           0x0000000000000000        0x0 d:/program files/microchip/xc8/v2.50/avr/bin/../lib/gcc/avr/5.4.0/../../../../avr/lib/avrxmega3\libm.a(mulsf3.o)
 .stack.descriptors
                0x0000000000000000       0x16 d:/program files/microchip/xc8/v2.50/avr/bin/../lib/gcc/avr/5.4.0/../../../../avr/lib/avrxmega3\libm.a(mulsf3.o)
 .data          0x0000000000000000        0x0 d:/program files/microchip/xc8/v2.50/avr/bin/../lib/gcc/avr/5.4.0/../../../../avr/lib/avrxmega3\libm.a(mulsf3x.o)
 .bss           0x0000000000000000        0x0 d:/program files/microchip/xc8/v2.50/avr/bin/../lib/gcc/avr/5.4.0/../../../../avr/lib/avrxmega3\libm.a(mulsf3x.o)
 .stack.descriptors
                0x0000000000000000       0x31 d:/program files/microchip/xc8/v2.50/avr/bin/../lib/gcc/avr/5.4.0/../../../../avr/lib/avrxmega3\libm.a(mulsf3x.o)
 .text          0x0000000000000000        0x0 d:/program files/microchip/xc8/v2.50/avr/bin/../lib/gcc/avr/5.4.0/avrxmega3\libgcc.a(_divmodhi4.o)
 .data          0x0000000000000000        0x0 d:/program files/microchip/xc8/v2.50/avr/bin/../lib/gcc/avr/5.4.0/avrxmega3\libgcc.a(_divmodhi4.o)
 .bss           0x0000000000000000        0x0 d:/program files/microchip/xc8/v2.50/avr/bin/../lib/gcc/avr/5.4.0/avrxmega3\libgcc.a(_divmodhi4.o)
 .text.libgcc.mul
                0x0000000000000000        0x0 d:/program files/microchip/xc8/v2.50/avr/bin/../lib/gcc/avr/5.4.0/avrxmega3\libgcc.a(_divmodhi4.o)
 .stack.descriptors
                0x0000000000000000       0x19 d:/program files/microchip/xc8/v2.50/avr/bin/../lib/gcc/avr/5.4.0/avrxmega3\libgcc.a(_divmodhi4.o)
 .text.libgcc   0x0000000000000000        0x0 d:/program files/microchip/xc8/v2.50/avr/bin/../lib/gcc/avr/5.4.0/avrxmega3\libgcc.a(_divmodhi4.o)
 .text.libgcc.prologue
                0x0000000000000000        0x0 d:/program files/microchip/xc8/v2.50/avr/bin/../lib/gcc/avr/5.4.0/avrxmega3\libgcc.a(_divmodhi4.o)
 .text.libgcc.builtins
                0x0000000000000000        0x0 d:/program files/microchip/xc8/v2.50/avr/bin/../lib/gcc/avr/5.4.0/avrxmega3\libgcc.a(_divmodhi4.o)
 .text.libgcc.fmul
                0x0000000000000000        0x0 d:/program files/microchip/xc8/v2.50/avr/bin/../lib/gcc/avr/5.4.0/avrxmega3\libgcc.a(_divmodhi4.o)
 .text.libgcc.fixed
                0x0000000000000000        0x0 d:/program files/microchip/xc8/v2.50/avr/bin/../lib/gcc/avr/5.4.0/avrxmega3\libgcc.a(_divmodhi4.o)
 .text          0x0000000000000000        0x0 d:/program files/microchip/xc8/v2.50/avr/bin/../lib/gcc/avr/5.4.0/avrxmega3\libgcc.a(_copy_data.o)
 .data          0x0000000000000000        0x0 d:/program files/microchip/xc8/v2.50/avr/bin/../lib/gcc/avr/5.4.0/avrxmega3\libgcc.a(_copy_data.o)
 .bss           0x0000000000000000        0x0 d:/program files/microchip/xc8/v2.50/avr/bin/../lib/gcc/avr/5.4.0/avrxmega3\libgcc.a(_copy_data.o)
 .text.libgcc.mul
                0x0000000000000000        0x0 d:/program files/microchip/xc8/v2.50/avr/bin/../lib/gcc/avr/5.4.0/avrxmega3\libgcc.a(_copy_data.o)
 .text.libgcc.div
                0x0000000000000000        0x0 d:/program files/microchip/xc8/v2.50/avr/bin/../lib/gcc/avr/5.4.0/avrxmega3\libgcc.a(_copy_data.o)
 .text.libgcc   0x0000000000000000        0x0 d:/program files/microchip/xc8/v2.50/avr/bin/../lib/gcc/avr/5.4.0/avrxmega3\libgcc.a(_copy_data.o)
 .text.libgcc.prologue
                0x0000000000000000        0x0 d:/program files/microchip/xc8/v2.50/avr/bin/../lib/gcc/avr/5.4.0/avrxmega3\libgcc.a(_copy_data.o)
 .text.libgcc.builtins
                0x0000000000000000        0x0 d:/program files/microchip/xc8/v2.50/avr/bin/../lib/gcc/avr/5.4.0/avrxmega3\libgcc.a(_copy_data.o)
 .text.libgcc.fmul
                0x0000000000000000        0x0 d:/program files/microchip/xc8/v2.50/avr/bin/../lib/gcc/avr/5.4.0/avrxmega3\libgcc.a(_copy_data.o)
 .text.libgcc.fixed
                0x0000000000000000        0x0 d:/program files/microchip/xc8/v2.50/avr/bin/../lib/gcc/avr/5.4.0/avrxmega3\libgcc.a(_copy_data.o)
 .text          0x0000000000000000        0x0 d:/program files/microchip/xc8/v2.50/avr/bin/../lib/gcc/avr/5.4.0/avrxmega3\libgcc.a(_udivdi3.o)
 .data          0x0000000000000000        0x0 d:/program files/microchip/xc8/v2.50/avr/bin/../lib/gcc/avr/5.4.0/avrxmega3\libgcc.a(_udivdi3.o)
 .bss           0x0000000000000000        0x0 d:/program files/microchip/xc8/v2.50/avr/bin/../lib/gcc/avr/5.4.0/avrxmega3\libgcc.a(_udivdi3.o)
 .text.libgcc.mul
                0x0000000000000000        0x0 d:/program files/microchip/xc8/v2.50/avr/bin/../lib/gcc/avr/5.4.0/avrxmega3\libgcc.a(_udivdi3.o)
 .stack.descriptors
                0x0000000000000000       0x4d d:/program files/microchip/xc8/v2.50/avr/bin/../lib/gcc/avr/5.4.0/avrxmega3\libgcc.a(_udivdi3.o)
 .text.libgcc   0x0000000000000000        0x0 d:/program files/microchip/xc8/v2.50/avr/bin/../lib/gcc/avr/5.4.0/avrxmega3\libgcc.a(_udivdi3.o)
 .text.libgcc.prologue
                0x0000000000000000        0x0 d:/program files/microchip/xc8/v2.50/avr/bin/../lib/gcc/avr/5.4.0/avrxmega3\libgcc.a(_udivdi3.o)
 .text.libgcc.builtins
                0x0000000000000000        0x0 d:/program files/microchip/xc8/v2.50/avr/bin/../lib/gcc/avr/5.4.0/avrxmega3\libgcc.a(_udivdi3.o)
 .text.libgcc.fmul
                0x0000000000000000        0x0 d:/program files/microchip/xc8/v2.50/avr/bin/../lib/gcc/avr/5.4.0/avrxmega3\libgcc.a(_udivdi3.o)
 .text.libgcc.fixed
                0x0000000000000000        0x0 d:/program files/microchip/xc8/v2.50/avr/bin/../lib/gcc/avr/5.4.0/avrxmega3\libgcc.a(_udivdi3.o)
 .text          0x0000000000000000        0x0 d:/program files/microchip/xc8/v2.50/avr/bin/../lib/gcc/avr/5.4.0/avrxmega3\libgcc.a(_udivmod64.o)
 .data          0x0000000000000000        0x0 d:/program files/microchip/xc8/v2.50/avr/bin/../lib/gcc/avr/5.4.0/avrxmega3\libgcc.a(_udivmod64.o)
 .bss           0x0000000000000000        0x0 d:/program files/microchip/xc8/v2.50/avr/bin/../lib/gcc/avr/5.4.0/avrxmega3\libgcc.a(_udivmod64.o)
 .text.libgcc.mul
                0x0000000000000000        0x0 d:/program files/microchip/xc8/v2.50/avr/bin/../lib/gcc/avr/5.4.0/avrxmega3\libgcc.a(_udivmod64.o)
 .stack.descriptors
                0x0000000000000000       0x19 d:/program files/microchip/xc8/v2.50/avr/bin/../lib/gcc/avr/5.4.0/avrxmega3\libgcc.a(_udivmod64.o)
 .text.libgcc   0x0000000000000000        0x0 d:/program files/microchip/xc8/v2.50/avr/bin/../lib/gcc/avr/5.4.0/avrxmega3\libgcc.a(_udivmod64.o)
 .text.libgcc.prologue
                0x0000000000000000        0x0 d:/program files/microchip/xc8/v2.50/avr/bin/../lib/gcc/avr/5.4.0/avrxmega3\libgcc.a(_udivmod64.o)
 .text.libgcc.builtins
                0x0000000000000000        0x0 d:/program files/microchip/xc8/v2.50/avr/bin/../lib/gcc/avr/5.4.0/avrxmega3\libgcc.a(_udivmod64.o)
 .text.libgcc.fmul
                0x0000000000000000        0x0 d:/program files/microchip/xc8/v2.50/avr/bin/../lib/gcc/avr/5.4.0/avrxmega3\libgcc.a(_udivmod64.o)
 .text.libgcc.fixed
                0x0000000000000000        0x0 d:/program files/microchip/xc8/v2.50/avr/bin/../lib/gcc/avr/5.4.0/avrxmega3\libgcc.a(_udivmod64.o)
 .text          0x0000000000000000        0x0 d:/program files/microchip/xc8/v2.50/avr/bin/../lib/gcc/avr/5.4.0/avrxmega3\libgcc.a(_ashldi3.o)
 .data          0x0000000000000000        0x0 d:/program files/microchip/xc8/v2.50/avr/bin/../lib/gcc/avr/5.4.0/avrxmega3\libgcc.a(_ashldi3.o)
 .bss           0x0000000000000000        0x0 d:/program files/microchip/xc8/v2.50/avr/bin/../lib/gcc/avr/5.4.0/avrxmega3\libgcc.a(_ashldi3.o)
 .text.libgcc.mul
                0x0000000000000000        0x0 d:/program files/microchip/xc8/v2.50/avr/bin/../lib/gcc/avr/5.4.0/avrxmega3\libgcc.a(_ashldi3.o)
 .text.libgcc.div
                0x0000000000000000        0x0 d:/program files/microchip/xc8/v2.50/avr/bin/../lib/gcc/avr/5.4.0/avrxmega3\libgcc.a(_ashldi3.o)
 .text.libgcc   0x0000000000000000        0x0 d:/program files/microchip/xc8/v2.50/avr/bin/../lib/gcc/avr/5.4.0/avrxmega3\libgcc.a(_ashldi3.o)
 .text.libgcc.prologue
                0x0000000000000000        0x0 d:/program files/microchip/xc8/v2.50/avr/bin/../lib/gcc/avr/5.4.0/avrxmega3\libgcc.a(_ashldi3.o)
 .stack.descriptors
                0x0000000000000000       0x17 d:/program files/microchip/xc8/v2.50/avr/bin/../lib/gcc/avr/5.4.0/avrxmega3\libgcc.a(_ashldi3.o)
 .text.libgcc.fmul
                0x0000000000000000        0x0 d:/program files/microchip/xc8/v2.50/avr/bin/../lib/gcc/avr/5.4.0/avrxmega3\libgcc.a(_ashldi3.o)
 .text.libgcc.fixed
                0x0000000000000000        0x0 d:/program files/microchip/xc8/v2.50/avr/bin/../lib/gcc/avr/5.4.0/avrxmega3\libgcc.a(_ashldi3.o)
 .text          0x0000000000000000        0x0 d:/program files/microchip/xc8/v2.50/avr/bin/../lib/gcc/avr/5.4.0/avrxmega3\libgcc.a(_ashrdi3.o)
 .data          0x0000000000000000        0x0 d:/program files/microchip/xc8/v2.50/avr/bin/../lib/gcc/avr/5.4.0/avrxmega3\libgcc.a(_ashrdi3.o)
 .bss           0x0000000000000000        0x0 d:/program files/microchip/xc8/v2.50/avr/bin/../lib/gcc/avr/5.4.0/avrxmega3\libgcc.a(_ashrdi3.o)
 .text.libgcc.mul
                0x0000000000000000        0x0 d:/program files/microchip/xc8/v2.50/avr/bin/../lib/gcc/avr/5.4.0/avrxmega3\libgcc.a(_ashrdi3.o)
 .text.libgcc.div
                0x0000000000000000        0x0 d:/program files/microchip/xc8/v2.50/avr/bin/../lib/gcc/avr/5.4.0/avrxmega3\libgcc.a(_ashrdi3.o)
 .text.libgcc   0x0000000000000000        0x0 d:/program files/microchip/xc8/v2.50/avr/bin/../lib/gcc/avr/5.4.0/avrxmega3\libgcc.a(_ashrdi3.o)
 .text.libgcc.prologue
                0x0000000000000000        0x0 d:/program files/microchip/xc8/v2.50/avr/bin/../lib/gcc/avr/5.4.0/avrxmega3\libgcc.a(_ashrdi3.o)
 .stack.descriptors
                0x0000000000000000       0x2e d:/program files/microchip/xc8/v2.50/avr/bin/../lib/gcc/avr/5.4.0/avrxmega3\libgcc.a(_ashrdi3.o)
 .text.libgcc.fmul
                0x0000000000000000        0x0 d:/program files/microchip/xc8/v2.50/avr/bin/../lib/gcc/avr/5.4.0/avrxmega3\libgcc.a(_ashrdi3.o)
 .text.libgcc.fixed
                0x0000000000000000        0x0 d:/program files/microchip/xc8/v2.50/avr/bin/../lib/gcc/avr/5.4.0/avrxmega3\libgcc.a(_ashrdi3.o)
 .text          0x0000000000000000        0x0 d:/program files/microchip/xc8/v2.50/avr/bin/../lib/gcc/avr/5.4.0/avrxmega3\libgcc.a(_udivmodhi4.o)
 .data          0x0000000000000000        0x0 d:/program files/microchip/xc8/v2.50/avr/bin/../lib/gcc/avr/5.4.0/avrxmega3\libgcc.a(_udivmodhi4.o)
 .bss           0x0000000000000000        0x0 d:/program files/microchip/xc8/v2.50/avr/bin/../lib/gcc/avr/5.4.0/avrxmega3\libgcc.a(_udivmodhi4.o)
 .text.libgcc.mul
                0x0000000000000000        0x0 d:/program files/microchip/xc8/v2.50/avr/bin/../lib/gcc/avr/5.4.0/avrxmega3\libgcc.a(_udivmodhi4.o)
 .stack.descriptors
                0x0000000000000000       0x1a d:/program files/microchip/xc8/v2.50/avr/bin/../lib/gcc/avr/5.4.0/avrxmega3\libgcc.a(_udivmodhi4.o)
 .text.libgcc   0x0000000000000000        0x0 d:/program files/microchip/xc8/v2.50/avr/bin/../lib/gcc/avr/5.4.0/avrxmega3\libgcc.a(_udivmodhi4.o)
 .text.libgcc.prologue
                0x0000000000000000        0x0 d:/program files/microchip/xc8/v2.50/avr/bin/../lib/gcc/avr/5.4.0/avrxmega3\libgcc.a(_udivmodhi4.o)
 .text.libgcc.builtins
                0x0000000000000000        0x0 d:/program files/microchip/xc8/v2.50/avr/bin/../lib/gcc/avr/5.4.0/avrxmega3\libgcc.a(_udivmodhi4.o)
 .text.libgcc.fmul
                0x0000000000000000        0x0 d:/program files/microchip/xc8/v2.50/avr/bin/../lib/gcc/avr/5.4.0/avrxmega3\libgcc.a(_udivmodhi4.o)
 .text.libgcc.fixed
                0x0000000000000000        0x0 d:/program files/microchip/xc8/v2.50/avr/bin/../lib/gcc/avr/5.4.0/avrxmega3\libgcc.a(_udivmodhi4.o)
 .text          0x0000000000000000        0x0 d:/program files/microchip/xc8/v2.50/avr/bin/../lib/gcc/avr/5.4.0/../../../../avr/lib/avrxmega3\libc.a(exit.o)
 .data          0x0000000000000000        0x0 d:/program files/microchip/xc8/v2.50/avr/bin/../lib/gcc/avr/5.4.0/../../../../avr/lib/avrxmega3\libc.a(exit.o)
 .bss           0x0000000000000000        0x0 d:/program files/microchip/xc8/v2.50/avr/bin/../lib/gcc/avr/5.4.0/../../../../avr/lib/avrxmega3\libc.a(exit.o)
 .stack.descriptors
                0x0000000000000000       0x73 d:/program files/microchip/xc8/v2.50/avr/bin/../lib/gcc/avr/5.4.0/../../../../avr/lib/avrxmega3\libc.a(exit.o)
 .text          0x0000000000000000        0x0 d:/program files/microchip/xc8/v2.50/avr/bin/../lib/gcc/avr/5.4.0/../../../../avr/lib/avrxmega3\libc.a(_Exit.o)
 .data          0x0000000000000000        0x0 d:/program files/microchip/xc8/v2.50/avr/bin/../lib/gcc/avr/5.4.0/../../../../avr/lib/avrxmega3\libc.a(_Exit.o)
 .bss           0x0000000000000000        0x0 d:/program files/microchip/xc8/v2.50/avr/bin/../lib/gcc/avr/5.4.0/../../../../avr/lib/avrxmega3\libc.a(_Exit.o)
 .stack.descriptors
                0x0000000000000000       0x13 d:/program files/microchip/xc8/v2.50/avr/bin/../lib/gcc/avr/5.4.0/../../../../avr/lib/avrxmega3\libc.a(_Exit.o)
 .text          0x0000000000000000        0x0 d:/program files/microchip/xc8/v2.50/avr/bin/../lib/gcc/avr/5.4.0/avrxmega3\libgcc.a(_exit.o)
 .data          0x0000000000000000        0x0 d:/program files/microchip/xc8/v2.50/avr/bin/../lib/gcc/avr/5.4.0/avrxmega3\libgcc.a(_exit.o)
 .bss           0x0000000000000000        0x0 d:/program files/microchip/xc8/v2.50/avr/bin/../lib/gcc/avr/5.4.0/avrxmega3\libgcc.a(_exit.o)
 .text.libgcc.mul
                0x0000000000000000        0x0 d:/program files/microchip/xc8/v2.50/avr/bin/../lib/gcc/avr/5.4.0/avrxmega3\libgcc.a(_exit.o)
 .text.libgcc.div
                0x0000000000000000        0x0 d:/program files/microchip/xc8/v2.50/avr/bin/../lib/gcc/avr/5.4.0/avrxmega3\libgcc.a(_exit.o)
 .text.libgcc   0x0000000000000000        0x0 d:/program files/microchip/xc8/v2.50/avr/bin/../lib/gcc/avr/5.4.0/avrxmega3\libgcc.a(_exit.o)
 .text.libgcc.prologue
                0x0000000000000000        0x0 d:/program files/microchip/xc8/v2.50/avr/bin/../lib/gcc/avr/5.4.0/avrxmega3\libgcc.a(_exit.o)
 .stack.descriptors
                0x0000000000000000       0x13 d:/program files/microchip/xc8/v2.50/avr/bin/../lib/gcc/avr/5.4.0/avrxmega3\libgcc.a(_exit.o)
 .text.libgcc.builtins
                0x0000000000000000        0x0 d:/program files/microchip/xc8/v2.50/avr/bin/../lib/gcc/avr/5.4.0/avrxmega3\libgcc.a(_exit.o)
 .text.libgcc.fmul
                0x0000000000000000        0x0 d:/program files/microchip/xc8/v2.50/avr/bin/../lib/gcc/avr/5.4.0/avrxmega3\libgcc.a(_exit.o)
 .text.libgcc.fixed
                0x0000000000000000        0x0 d:/program files/microchip/xc8/v2.50/avr/bin/../lib/gcc/avr/5.4.0/avrxmega3\libgcc.a(_exit.o)

Memory Configuration

Name             Origin             Length             Attributes
text             0x0000000000000000 0x0000000000008000 xr
data             0x0000000000803000 0x0000000000001000 rw !x
eeprom           0x0000000000810000 0x0000000000000100 rw !x
fuse             0x0000000000820000 0x000000000000000a rw !x
lock             0x0000000000830000 0x0000000000000400 rw !x
signature        0x0000000000840000 0x0000000000000400 rw !x
user_signatures  0x0000000000850000 0x0000000000000400 rw !x
bootrow          0x0000000000860000 0x0000000000000400 rw !x
*default*        0x0000000000000000 0xffffffffffffffff

Linker script and memory map

Address of section .data set to 0x803000
                0x0000000000004000                __RODATA_PM_OFFSET__ = 0x4000
LOAD D:/Program Files/Microchip/MPLABX/v6.20/packs/Microchip/ATmega_DFP/3.1.264/xc8/avr/lib/avrxmega3/crtatmega3208.o
                0x0000000000000001                __MPLAB_BUILD = 0x1
LOAD build/default/production/lora.o
LOAD build/default/production/main.o
LOAD build/default/production/spi.o
LOAD build/default/production/uart.o
LOAD build/default/production/tca.o
START GROUP
LOAD d:/program files/microchip/xc8/v2.50/avr/bin/../lib/gcc/avr/5.4.0/../../../../avr/lib/avrxmega3\libm.a
END GROUP
START GROUP
LOAD d:/program files/microchip/xc8/v2.50/avr/bin/../lib/gcc/avr/5.4.0/avrxmega3\libgcc.a
LOAD d:/program files/microchip/xc8/v2.50/avr/bin/../lib/gcc/avr/5.4.0/../../../../avr/lib/avrxmega3\libm.a
LOAD d:/program files/microchip/xc8/v2.50/avr/bin/../lib/gcc/avr/5.4.0/../../../../avr/lib/avrxmega3\libc.a
LOAD D:/Program Files/Microchip/MPLABX/v6.20/packs/Microchip/ATmega_DFP/3.1.264/xc8/avr/lib/avrxmega3\libatmega3208.a
END GROUP
                [0x0000000000000000]                __TEXT_REGION_ORIGIN__ = DEFINED (__TEXT_REGION_ORIGIN__)?__TEXT_REGION_ORIGIN__:0x0
                [0x0000000000803000]                __DATA_REGION_ORIGIN__ = DEFINED (__DATA_REGION_ORIGIN__)?__DATA_REGION_ORIGIN__:0x802000
                [0x0000000000008000]                __TEXT_REGION_LENGTH__ = DEFINED (__TEXT_REGION_LENGTH__)?__TEXT_REGION_LENGTH__:0x100000
                [0x0000000000001000]                __DATA_REGION_LENGTH__ = DEFINED (__DATA_REGION_LENGTH__)?__DATA_REGION_LENGTH__:0xffa0
                [0x0000000000000100]                __EEPROM_REGION_LENGTH__ = DEFINED (__EEPROM_REGION_LENGTH__)?__EEPROM_REGION_LENGTH__:0x10000
                [0x000000000000000a]                __FUSE_REGION_LENGTH__ = DEFINED (__FUSE_REGION_LENGTH__)?__FUSE_REGION_LENGTH__:0x400
                0x0000000000000400                __LOCK_REGION_LENGTH__ = DEFINED (__LOCK_REGION_LENGTH__)?__LOCK_REGION_LENGTH__:0x400
                0x0000000000000400                __SIGNATURE_REGION_LENGTH__ = DEFINED (__SIGNATURE_REGION_LENGTH__)?__SIGNATURE_REGION_LENGTH__:0x400
                0x0000000000000400                __USER_SIGNATURE_REGION_LENGTH__ = DEFINED (__USER_SIGNATURE_REGION_LENGTH__)?__USER_SIGNATURE_REGION_LENGTH__:0x400
                0x0000000000008000                __RODATA_PM_OFFSET__ = DEFINED (__RODATA_PM_OFFSET__)?__RODATA_PM_OFFSET__:0x8000
                0x0000000000000400                __BOOTROW_REGION_LENGTH__ = DEFINED (__BOOTROW_REGION_LENGTH__)?__BOOTROW_REGION_LENGTH__:0x400

.hash
 *(.hash)

.dynsym
 *(.dynsym)

.dynstr
 *(.dynstr)

.gnu.version
 *(.gnu.version)

.gnu.version_d
 *(.gnu.version_d)

.gnu.version_r
 *(.gnu.version_r)

.rel.init
 *(.rel.init)

.rela.init
 *(.rela.init)

.rel.text
 *(.rel.text)
 *(.rel.text.*)
 *(.rel.gnu.linkonce.t*)

.rela.text
 *(.rela.text)
 *(.rela.text.*)
 *(.rela.gnu.linkonce.t*)

.rel.fini
 *(.rel.fini)

.rela.fini
 *(.rela.fini)

.rel.rodata
 *(.rel.rodata)
 *(.rel.rodata.*)
 *(.rel.gnu.linkonce.r*)

.rela.rodata
 *(.rela.rodata)
 *(.rela.rodata.*)
 *(.rela.gnu.linkonce.r*)

.rel.data
 *(.rel.data)
 *(.rel.data.*)
 *(.rel.gnu.linkonce.d*)

.rela.data
 *(.rela.data)
 *(.rela.data.*)
 *(.rela.gnu.linkonce.d*)

.rel.ctors
 *(.rel.ctors)

.rela.ctors
 *(.rela.ctors)

.rel.dtors
 *(.rel.dtors)

.rela.dtors
 *(.rela.dtors)

.rel.got
 *(.rel.got)

.rela.got
 *(.rela.got)

.rel.bss
 *(.rel.bss)

.rela.bss
 *(.rela.bss)

.rel.plt
 *(.rel.plt)

.rela.plt
 *(.rela.plt)

.text           0x0000000000000000       0xea
 *(.vectors)
 .vectors       0x0000000000000000       0x90 D:/Program Files/Microchip/MPLABX/v6.20/packs/Microchip/ATmega_DFP/3.1.264/xc8/avr/lib/avrxmega3/crtatmega3208.o
                0x0000000000000000                __vector_default
                0x0000000000000000                __vectors
 *(.vectors)
 *(.progmem.gcc*)
 *(.dinit)
 .dinit         0x0000000000000090        0x5 data_init
                0x0000000000000096                . = ALIGN (0x2)
 *fill*         0x0000000000000095        0x1 
                0x0000000000000096                __trampolines_start = .
 *(.trampolines)
 .trampolines   0x0000000000000096        0x0 linker stubs
 *(.trampolines*)
                0x0000000000000096                __trampolines_end = .
 *libprintf_flt.a:*(.progmem.data)
 *libc.a:*(.progmem.data)
                0x0000000000000096                . = ALIGN (0x2)
 *(.jumptables)
 *(.jumptables*)
 *(.lowtext)
 *(.lowtext*)
                0x0000000000000096                __ctors_start = .
 *(.ctors)
                0x0000000000000096                __ctors_end = .
                0x0000000000000096                __dtors_start = .
 *(.dtors)
                0x0000000000000096                __dtors_end = .
 SORT(*)(.ctors)
 SORT(*)(.dtors)
 *(.init0)
 .init0         0x0000000000000096        0x0 D:/Program Files/Microchip/MPLABX/v6.20/packs/Microchip/ATmega_DFP/3.1.264/xc8/avr/lib/avrxmega3/crtatmega3208.o
                0x0000000000000096                __init
 *(.init0)
 *(.init1)
 *(.init1)
 *(.init2)
 .init2         0x0000000000000096        0xc D:/Program Files/Microchip/MPLABX/v6.20/packs/Microchip/ATmega_DFP/3.1.264/xc8/avr/lib/avrxmega3/crtatmega3208.o
 *(.init2)
 *(.init3)
 *(.init3)
 *(.init4)
 .init4         0x00000000000000a2       0x3c d:/program files/microchip/xc8/v2.50/avr/bin/../lib/gcc/avr/5.4.0/avrxmega3\libgcc.a(_copy_data.o)
                0x00000000000000a2                __do_copy_data
                0x00000000000000d0                __do_clear_bss
 *(.init4)
 *(.init5)
 *(.init5)
 *(.init6)
 *(.init6)
 *(.init7)
 *(.init7)
 *(.init8)
 *(.init8)
 *(.init9)
 .init9         0x00000000000000de        0x8 D:/Program Files/Microchip/MPLABX/v6.20/packs/Microchip/ATmega_DFP/3.1.264/xc8/avr/lib/avrxmega3/crtatmega3208.o
 *(.init9)
                0x00000000000000e6                . = ALIGN (0x2)
 *(.fini9)
 .fini9         0x00000000000000e6        0x0 d:/program files/microchip/xc8/v2.50/avr/bin/../lib/gcc/avr/5.4.0/avrxmega3\libgcc.a(_exit.o)
                0x00000000000000e6                _exit
 *(.fini9)
 *(.fini8)
 *(.fini8)
 *(.fini7)
 *(.fini7)
 *(.fini6)
 *(.fini6)
 *(.fini5)
 *(.fini5)
 *(.fini4)
 *(.fini4)
 *(.fini3)
 *(.fini3)
 *(.fini2)
 *(.fini2)
 *(.fini1)
 *(.fini1)
 *(.fini0)
 .fini0         0x00000000000000e6        0x4 d:/program files/microchip/xc8/v2.50/avr/bin/../lib/gcc/avr/5.4.0/avrxmega3\libgcc.a(_exit.o)
 *(.fini0)
                0x00000000000000ea                _etext = .

.data           0x0000000000803000        0x0 load address 0x00000000000000ea
                [!provide]                        PROVIDE (__data_start, .)
 *(.gnu.linkonce.d*)
                0x0000000000803000                . = ALIGN (0x2)
                0x0000000000803000                _edata = .
                [!provide]                        PROVIDE (__data_end, .)

.bss            0x0000000000803000        0x0
                [!provide]                        PROVIDE (__bss_start, .)
 *(COMMON)
                [!provide]                        PROVIDE (__bss_end, .)
                0x00000000000000ea                __data_load_start = LOADADDR (.data)
                0x00000000000000ea                __data_load_end = (__data_load_start + SIZEOF (.data))

.noinit         0x0000000000803000        0x0
                [!provide]                        PROVIDE (__noinit_start, .)
 *(.noinit*)
                [!provide]                        PROVIDE (__noinit_end, .)
                0x0000000000803000                _end = .

.eeprom         0x0000000000810000        0x0
 *(.eeprom*)
                0x0000000000810000                __eeprom_end = .

.fuse
 *(.fuse)
 *(.lfuse)
 *(.hfuse)
 *(.efuse)

.lock
 *(.lock*)

.signature
 *(.signature*)

.user_signatures
 *(.user_signatures*)

.bootrow
 *(.bootrow*)

.stab
 *(.stab)

.stabstr
 *(.stabstr)

.stab.excl
 *(.stab.excl)

.stab.exclstr
 *(.stab.exclstr)

.stab.index
 *(.stab.index)

.stab.indexstr
 *(.stab.indexstr)

.comment        0x0000000000000000       0x5b
 *(.comment)
 .comment       0x0000000000000000       0x2f build/default/production/lora.o
                                         0x30 (size before relaxing)
 .comment       0x000000000000002f       0x30 build/default/production/main.o
 .comment       0x000000000000002f       0x30 build/default/production/spi.o
 .comment       0x000000000000002f       0x30 build/default/production/uart.o
 .comment       0x000000000000002f       0x30 build/default/production/tca.o
 .comment       0x000000000000002f       0x2c d:/program files/microchip/xc8/v2.50/avr/bin/../lib/gcc/avr/5.4.0/../../../../avr/lib/avrxmega3\libc.a(exit.o)
                                         0x2d (size before relaxing)
 .comment       0x000000000000005b       0x2d d:/program files/microchip/xc8/v2.50/avr/bin/../lib/gcc/avr/5.4.0/../../../../avr/lib/avrxmega3\libc.a(_Exit.o)

.stack.descriptors.hdr
                0x0000000000000000      0x150
 .stack.descriptors.hdr
                0x0000000000000000        0xe d:/program files/microchip/xc8/v2.50/avr/bin/../lib/gcc/avr/5.4.0/../../../../avr/lib/avrxmega3\libm.a(addsf3.o)
 .stack.descriptors.hdr
                0x000000000000000e        0xe d:/program files/microchip/xc8/v2.50/avr/bin/../lib/gcc/avr/5.4.0/../../../../avr/lib/avrxmega3\libm.a(addsf3x.o)
 .stack.descriptors.hdr
                0x000000000000001c        0xe d:/program files/microchip/xc8/v2.50/avr/bin/../lib/gcc/avr/5.4.0/../../../../avr/lib/avrxmega3\libm.a(divsf3.o)
 .stack.descriptors.hdr
                0x000000000000002a        0xe d:/program files/microchip/xc8/v2.50/avr/bin/../lib/gcc/avr/5.4.0/../../../../avr/lib/avrxmega3\libm.a(divsf3x.o)
 .stack.descriptors.hdr
                0x0000000000000038        0xe d:/program files/microchip/xc8/v2.50/avr/bin/../lib/gcc/avr/5.4.0/../../../../avr/lib/avrxmega3\libm.a(fixunssfsi.o)
 .stack.descriptors.hdr
                0x0000000000000046        0xe d:/program files/microchip/xc8/v2.50/avr/bin/../lib/gcc/avr/5.4.0/../../../../avr/lib/avrxmega3\libm.a(floatsisf.o)
 .stack.descriptors.hdr
                0x0000000000000054        0xe d:/program files/microchip/xc8/v2.50/avr/bin/../lib/gcc/avr/5.4.0/../../../../avr/lib/avrxmega3\libm.a(fp_inf.o)
 .stack.descriptors.hdr
                0x0000000000000062        0xe d:/program files/microchip/xc8/v2.50/avr/bin/../lib/gcc/avr/5.4.0/../../../../avr/lib/avrxmega3\libm.a(fp_nan.o)
 .stack.descriptors.hdr
                0x0000000000000070        0xe d:/program files/microchip/xc8/v2.50/avr/bin/../lib/gcc/avr/5.4.0/../../../../avr/lib/avrxmega3\libm.a(fp_pscA.o)
 .stack.descriptors.hdr
                0x000000000000007e        0xe d:/program files/microchip/xc8/v2.50/avr/bin/../lib/gcc/avr/5.4.0/../../../../avr/lib/avrxmega3\libm.a(fp_pscB.o)
 .stack.descriptors.hdr
                0x000000000000008c        0xe d:/program files/microchip/xc8/v2.50/avr/bin/../lib/gcc/avr/5.4.0/../../../../avr/lib/avrxmega3\libm.a(fp_round.o)
 .stack.descriptors.hdr
                0x000000000000009a        0xe d:/program files/microchip/xc8/v2.50/avr/bin/../lib/gcc/avr/5.4.0/../../../../avr/lib/avrxmega3\libm.a(fp_split3.o)
 .stack.descriptors.hdr
                0x00000000000000a8        0xe d:/program files/microchip/xc8/v2.50/avr/bin/../lib/gcc/avr/5.4.0/../../../../avr/lib/avrxmega3\libm.a(fp_zero.o)
 .stack.descriptors.hdr
                0x00000000000000b6        0xe d:/program files/microchip/xc8/v2.50/avr/bin/../lib/gcc/avr/5.4.0/../../../../avr/lib/avrxmega3\libm.a(mulsf3.o)
 .stack.descriptors.hdr
                0x00000000000000c4        0xe d:/program files/microchip/xc8/v2.50/avr/bin/../lib/gcc/avr/5.4.0/../../../../avr/lib/avrxmega3\libm.a(mulsf3x.o)
 .stack.descriptors.hdr
                0x00000000000000d2        0xe d:/program files/microchip/xc8/v2.50/avr/bin/../lib/gcc/avr/5.4.0/avrxmega3\libgcc.a(_divmodhi4.o)
 .stack.descriptors.hdr
                0x00000000000000e0        0xe d:/program files/microchip/xc8/v2.50/avr/bin/../lib/gcc/avr/5.4.0/avrxmega3\libgcc.a(_udivdi3.o)
 .stack.descriptors.hdr
                0x00000000000000ee        0xe d:/program files/microchip/xc8/v2.50/avr/bin/../lib/gcc/avr/5.4.0/avrxmega3\libgcc.a(_udivmod64.o)
 .stack.descriptors.hdr
                0x00000000000000fc        0xe d:/program files/microchip/xc8/v2.50/avr/bin/../lib/gcc/avr/5.4.0/avrxmega3\libgcc.a(_ashldi3.o)
 .stack.descriptors.hdr
                0x000000000000010a        0xe d:/program files/microchip/xc8/v2.50/avr/bin/../lib/gcc/avr/5.4.0/avrxmega3\libgcc.a(_ashrdi3.o)
 .stack.descriptors.hdr
                0x0000000000000118        0xe d:/program files/microchip/xc8/v2.50/avr/bin/../lib/gcc/avr/5.4.0/avrxmega3\libgcc.a(_udivmodhi4.o)
 .stack.descriptors.hdr
                0x0000000000000126        0xe d:/program files/microchip/xc8/v2.50/avr/bin/../lib/gcc/avr/5.4.0/../../../../avr/lib/avrxmega3\libc.a(exit.o)
 .stack.descriptors.hdr
                0x0000000000000134        0xe d:/program files/microchip/xc8/v2.50/avr/bin/../lib/gcc/avr/5.4.0/../../../../avr/lib/avrxmega3\libc.a(_Exit.o)
 .stack.descriptors.hdr
                0x0000000000000142        0xe d:/program files/microchip/xc8/v2.50/avr/bin/../lib/gcc/avr/5.4.0/avrxmega3\libgcc.a(_exit.o)

.note.GNU-stack
                0x0000000000000000        0x0
 .note.GNU-stack
                0x0000000000000000        0x0 d:/program files/microchip/xc8/v2.50/avr/bin/../lib/gcc/avr/5.4.0/../../../../avr/lib/avrxmega3\libm.a(addsf3.o)
 .note.GNU-stack
                0x0000000000000000        0x0 d:/program files/microchip/xc8/v2.50/avr/bin/../lib/gcc/avr/5.4.0/../../../../avr/lib/avrxmega3\libm.a(addsf3x.o)
 .note.GNU-stack
                0x0000000000000000        0x0 d:/program files/microchip/xc8/v2.50/avr/bin/../lib/gcc/avr/5.4.0/../../../../avr/lib/avrxmega3\libm.a(divsf3.o)
 .note.GNU-stack
                0x0000000000000000        0x0 d:/program files/microchip/xc8/v2.50/avr/bin/../lib/gcc/avr/5.4.0/../../../../avr/lib/avrxmega3\libm.a(divsf3x.o)
 .note.GNU-stack
                0x0000000000000000        0x0 d:/program files/microchip/xc8/v2.50/avr/bin/../lib/gcc/avr/5.4.0/../../../../avr/lib/avrxmega3\libm.a(fixunssfsi.o)
 .note.GNU-stack
                0x0000000000000000        0x0 d:/program files/microchip/xc8/v2.50/avr/bin/../lib/gcc/avr/5.4.0/../../../../avr/lib/avrxmega3\libm.a(floatsisf.o)
 .note.GNU-stack
                0x0000000000000000        0x0 d:/program files/microchip/xc8/v2.50/avr/bin/../lib/gcc/avr/5.4.0/../../../../avr/lib/avrxmega3\libm.a(fp_inf.o)
 .note.GNU-stack
                0x0000000000000000        0x0 d:/program files/microchip/xc8/v2.50/avr/bin/../lib/gcc/avr/5.4.0/../../../../avr/lib/avrxmega3\libm.a(fp_nan.o)
 .note.GNU-stack
                0x0000000000000000        0x0 d:/program files/microchip/xc8/v2.50/avr/bin/../lib/gcc/avr/5.4.0/../../../../avr/lib/avrxmega3\libm.a(fp_pscA.o)
 .note.GNU-stack
                0x0000000000000000        0x0 d:/program files/microchip/xc8/v2.50/avr/bin/../lib/gcc/avr/5.4.0/../../../../avr/lib/avrxmega3\libm.a(fp_pscB.o)
 .note.GNU-stack
                0x0000000000000000        0x0 d:/program files/microchip/xc8/v2.50/avr/bin/../lib/gcc/avr/5.4.0/../../../../avr/lib/avrxmega3\libm.a(fp_round.o)
 .note.GNU-stack
                0x0000000000000000        0x0 d:/program files/microchip/xc8/v2.50/avr/bin/../lib/gcc/avr/5.4.0/../../../../avr/lib/avrxmega3\libm.a(fp_split3.o)
 .note.GNU-stack
                0x0000000000000000        0x0 d:/program files/microchip/xc8/v2.50/avr/bin/../lib/gcc/avr/5.4.0/../../../../avr/lib/avrxmega3\libm.a(fp_zero.o)
 .note.GNU-stack
                0x0000000000000000        0x0 d:/program files/microchip/xc8/v2.50/avr/bin/../lib/gcc/avr/5.4.0/../../../../avr/lib/avrxmega3\libm.a(mulsf3.o)
 .note.GNU-stack
                0x0000000000000000        0x0 d:/program files/microchip/xc8/v2.50/avr/bin/../lib/gcc/avr/5.4.0/../../../../avr/lib/avrxmega3\libm.a(mulsf3x.o)
 .note.GNU-stack
                0x0000000000000000        0x0 d:/program files/microchip/xc8/v2.50/avr/bin/../lib/gcc/avr/5.4.0/../../../../avr/lib/avrxmega3\libc.a(exit.o)
 .note.GNU-stack
                0x0000000000000000        0x0 d:/program files/microchip/xc8/v2.50/avr/bin/../lib/gcc/avr/5.4.0/../../../../avr/lib/avrxmega3\libc.a(_Exit.o)

.note.gnu.build-id
 *(.note.gnu.build-id)

.debug
 *(.debug)

.line
 *(.line)

.debug_srcinfo
 *(.debug_srcinfo)

.debug_sfnames
 *(.debug_sfnames)

.debug_aranges  0x0000000000000000      0x170
 *(.debug_aranges)
 .debug_aranges
                0x0000000000000000       0xa8 build/default/production/lora.o
 .debug_aranges
                0x00000000000000a8       0x30 build/default/production/main.o
 .debug_aranges
                0x00000000000000d8       0x48 build/default/production/spi.o
 .debug_aranges
                0x0000000000000120       0x30 build/default/production/uart.o
 .debug_aranges
                0x0000000000000150       0x20 build/default/production/tca.o

.debug_pubnames
 *(.debug_pubnames)

.debug_info     0x0000000000000000     0x5e7d
 *(.debug_info .gnu.linkonce.wi.*)
 .debug_info    0x0000000000000000     0x25a7 D:/Program Files/Microchip/MPLABX/v6.20/packs/Microchip/ATmega_DFP/3.1.264/xc8/avr/lib/avrxmega3/crtatmega3208.o
 .debug_info    0x00000000000025a7     0x119c build/default/production/lora.o
 .debug_info    0x0000000000003743      0xd0b build/default/production/main.o
 .debug_info    0x000000000000444e      0x6db build/default/production/spi.o
 .debug_info    0x0000000000004b29      0x855 build/default/production/uart.o
 .debug_info    0x000000000000537e      0xaff build/default/production/tca.o

.debug_abbrev   0x0000000000000000     0x2bd6
 *(.debug_abbrev)
 .debug_abbrev  0x0000000000000000     0x23a4 D:/Program Files/Microchip/MPLABX/v6.20/packs/Microchip/ATmega_DFP/3.1.264/xc8/avr/lib/avrxmega3/crtatmega3208.o
 .debug_abbrev  0x00000000000023a4      0x2bc build/default/production/lora.o
 .debug_abbrev  0x0000000000002660      0x189 build/default/production/main.o
 .debug_abbrev  0x00000000000027e9      0x16a build/default/production/spi.o
 .debug_abbrev  0x0000000000002953      0x18a build/default/production/uart.o
 .debug_abbrev  0x0000000000002add       0xf9 build/default/production/tca.o

.debug_line     0x0000000000000000      0xd08
 *(.debug_line .debug_line.* .debug_line_end)
 .debug_line    0x0000000000000000      0x16f D:/Program Files/Microchip/MPLABX/v6.20/packs/Microchip/ATmega_DFP/3.1.264/xc8/avr/lib/avrxmega3/crtatmega3208.o
 .debug_line    0x000000000000016f      0x58d build/default/production/lora.o
 .debug_line    0x00000000000006fc      0x1c5 build/default/production/main.o
 .debug_line    0x00000000000008c1      0x1be build/default/production/spi.o
 .debug_line    0x0000000000000a7f      0x175 build/default/production/uart.o
 .debug_line    0x0000000000000bf4      0x114 build/default/production/tca.o

.debug_frame    0x0000000000000000      0x408
 *(.debug_frame)
 .debug_frame   0x0000000000000000      0x264 build/default/production/lora.o
 .debug_frame   0x0000000000000264       0xa8 build/default/production/main.o
 .debug_frame   0x000000000000030c       0x84 build/default/production/spi.o
 .debug_frame   0x0000000000000390       0x54 build/default/production/uart.o
 .debug_frame   0x00000000000003e4       0x24 build/default/production/tca.o

.debug_str      0x0000000000000000     0x1125
 *(.debug_str)
 .debug_str     0x0000000000000000      0xfdf D:/Program Files/Microchip/MPLABX/v6.20/packs/Microchip/ATmega_DFP/3.1.264/xc8/avr/lib/avrxmega3/crtatmega3208.o
 .debug_str     0x0000000000000fdf       0x2f build/default/production/lora.o
 .debug_str     0x000000000000100e       0xa6 build/default/production/main.o
 .debug_str     0x00000000000010b4       0x14 build/default/production/spi.o
 .debug_str     0x00000000000010c8        0xb build/default/production/uart.o
 .debug_str     0x00000000000010d3       0x52 build/default/production/tca.o

.debug_loc      0x0000000000000000      0x791
 *(.debug_loc)
 .debug_loc     0x0000000000000000      0x587 build/default/production/lora.o
 .debug_loc     0x0000000000000587       0x78 build/default/production/main.o
 .debug_loc     0x00000000000005ff      0x101 build/default/production/spi.o
 .debug_loc     0x0000000000000700       0x91 build/default/production/uart.o

.debug_macinfo
 *(.debug_macinfo)

.debug_weaknames
 *(.debug_weaknames)

.debug_funcnames
 *(.debug_funcnames)

.debug_typenames
 *(.debug_typenames)

.debug_varnames
 *(.debug_varnames)

.debug_pubtypes
 *(.debug_pubtypes)

.debug_ranges   0x0000000000000000      0x120
 *(.debug_ranges)
 .debug_ranges  0x0000000000000000       0x98 build/default/production/lora.o
 .debug_ranges  0x0000000000000098       0x20 build/default/production/main.o
 .debug_ranges  0x00000000000000b8       0x38 build/default/production/spi.o
 .debug_ranges  0x00000000000000f0       0x20 build/default/production/uart.o
 .debug_ranges  0x0000000000000110       0x10 build/default/production/tca.o

.debug_macro
 *(.debug_macro)
OUTPUT(dist/default/production/avr.X.production.elf elf32-avr)
LOAD linker stubs
LOAD data_init

.note.gnu.avr.deviceinfo
                0x0000000000000000       0x40
 .note.gnu.avr.deviceinfo
                0x0000000000000000       0x40 D:/Program Files/Microchip/MPLABX/v6.20/packs/Microchip/ATmega_DFP/3.1.264/xc8/avr/lib/avrxmega3/crtatmega3208.o

.bss.lora_rx_event_callback
                0x00000000008030ff        0x2
 .bss.lora_rx_event_callback
                0x00000000008030ff        0x2 build/default/production/lora.o

.bss.rx_done_flag
                0x0000000000803101        0x1
 .bss.rx_done_flag
                0x0000000000803101        0x1 build/default/production/lora.o
                0x0000000000803101                rx_done_flag

.bss.buf        0x0000000000803000       0xff
 .bss.buf       0x0000000000803000       0xff build/default/production/lora.o
                0x0000000000803000                buf

.bss.ledToggle  0x0000000000803102        0x1
 .bss.ledToggle
                0x0000000000803102        0x1 build/default/production/main.o
                0x0000000000803102                ledToggle

.text.lora_init
                0x00000000000000ea       0xf8
 .text.lora_init
                0x00000000000000ea       0xf8 build/default/production/lora.o
                0x00000000000000ea                lora_init

.text           0x00000000000001e2       0xde
 .text          0x00000000000001e2       0xde d:/program files/microchip/xc8/v2.50/avr/bin/../lib/gcc/avr/5.4.0/../../../../avr/lib/avrxmega3\libm.a(divsf3x.o)
                0x00000000000001e2                __divsf3x
                0x000000000000020a                __divsf3_pse

.text.lora_receive
                0x00000000000002c0       0xda
 .text.lora_receive
                0x00000000000002c0       0xda build/default/production/lora.o
                0x00000000000002c0                lora_receive

.text           0x000000000000039a       0xd4
 .text          0x000000000000039a       0xd4 d:/program files/microchip/xc8/v2.50/avr/bin/../lib/gcc/avr/5.4.0/../../../../avr/lib/avrxmega3\libm.a(mulsf3x.o)
                0x000000000000039a                __mulsf3x
                0x00000000000003c0                __mulsf3_pse

.text           0x000000000000046e       0xce
 .text          0x000000000000046e       0xce d:/program files/microchip/xc8/v2.50/avr/bin/../lib/gcc/avr/5.4.0/../../../../avr/lib/avrxmega3\libm.a(addsf3x.o)
                0x000000000000046e                __addsf3x

.text.__vector_7
                0x000000000000053c       0xb2
 .text.__vector_7
                0x000000000000053c       0xb2 build/default/production/main.o
                0x000000000000053c                __vector_7

.text.lora_set_freq
                0x00000000000005ee       0xaa
 .text.lora_set_freq
                0x00000000000005ee       0xaa build/default/production/lora.o
                0x00000000000005ee                lora_set_freq

.text.lora_send
                0x0000000000000698       0xa6
 .text.lora_send
                0x0000000000000698       0xa6 build/default/production/lora.o
                0x0000000000000698                lora_send

.text.libgcc.div
                0x000000000000073e       0xa2
 .text.libgcc.div
                0x000000000000073e       0xa2 d:/program files/microchip/xc8/v2.50/avr/bin/../lib/gcc/avr/5.4.0/avrxmega3\libgcc.a(_udivmod64.o)
                0x000000000000073e                __udivmod64

.rodata         0x00000000008047e0       0x93 load address 0x00000000000007e0
 .rodata        0x00000000008047e0       0x93 build/default/production/main.o

.text           0x0000000000000874       0x7a
 .text          0x0000000000000874       0x7a d:/program files/microchip/xc8/v2.50/avr/bin/../lib/gcc/avr/5.4.0/../../../../avr/lib/avrxmega3\libm.a(floatsisf.o)
                0x0000000000000874                __floatunsisf
                0x0000000000000878                __floatsisf

.text.uart_init
                0x00000000000008ee       0x5e
 .text.uart_init
                0x00000000000008ee       0x5e build/default/production/uart.o
                0x00000000000008ee                uart_init

.text           0x000000000000094c       0x5e
 .text          0x000000000000094c       0x5e d:/program files/microchip/xc8/v2.50/avr/bin/../lib/gcc/avr/5.4.0/../../../../avr/lib/avrxmega3\libm.a(fixunssfsi.o)
                0x000000000000094c                __fixunssfsi

.text.main      0x00000000000009aa       0x5a
 .text.main     0x00000000000009aa       0x5a build/default/production/main.o
                0x00000000000009aa                main

.text.lora_tx_power
                0x0000000000000a04       0x48
 .text.lora_tx_power
                0x0000000000000a04       0x48 build/default/production/lora.o
                0x0000000000000a04                lora_tx_power

.text           0x0000000000000a4c       0x44
 .text          0x0000000000000a4c       0x44 d:/program files/microchip/xc8/v2.50/avr/bin/../lib/gcc/avr/5.4.0/../../../../avr/lib/avrxmega3\libm.a(fp_split3.o)
                0x0000000000000a4c                __fp_split3
                0x0000000000000a5c                __fp_splitA

.text.libgcc.builtins
                0x0000000000000a90       0x3c
 .text.libgcc.builtins
                0x0000000000000a90       0x3c d:/program files/microchip/xc8/v2.50/avr/bin/../lib/gcc/avr/5.4.0/avrxmega3\libgcc.a(_ashrdi3.o)
                0x0000000000000a90                __ashrdi3
                0x0000000000000a94                __lshrdi3

.text.lora_set_bandwidth
                0x0000000000000acc       0x38
 .text.lora_set_bandwidth
                0x0000000000000acc       0x38 build/default/production/lora.o
                0x0000000000000acc                lora_set_bandwidth

.text.lora_set_spreading_factor
                0x0000000000000b04       0x38
 .text.lora_set_spreading_factor
                0x0000000000000b04       0x38 build/default/production/lora.o
                0x0000000000000b04                lora_set_spreading_factor

.text.lora_set_coding_rate
                0x0000000000000b3c       0x36
 .text.lora_set_coding_rate
                0x0000000000000b3c       0x36 build/default/production/lora.o
                0x0000000000000b3c                lora_set_coding_rate

.text.lora_set_ocp
                0x0000000000000b72       0x34
 .text.lora_set_ocp
                0x0000000000000b72       0x34 build/default/production/lora.o
                0x0000000000000b72                lora_set_ocp

.text.spi_txrx  0x0000000000000ba6       0x32
 .text.spi_txrx
                0x0000000000000ba6       0x32 build/default/production/spi.o
                0x0000000000000ba6                spi_txrx

.text.libgcc.builtins
                0x0000000000000bd8       0x32
 .text.libgcc.builtins
                0x0000000000000bd8       0x32 d:/program files/microchip/xc8/v2.50/avr/bin/../lib/gcc/avr/5.4.0/avrxmega3\libgcc.a(_ashldi3.o)
                0x0000000000000bd8                __ashldi3

.text.lora_read_register
                0x0000000000000c0a       0x2e
 .text.lora_read_register
                0x0000000000000c0a       0x2e build/default/production/lora.o
                0x0000000000000c0a                lora_read_register

.text.uart_tx   0x0000000000000c38       0x2e
 .text.uart_tx  0x0000000000000c38       0x2e build/default/production/uart.o
                0x0000000000000c38                uart_tx

.text.spi_init  0x0000000000000c66       0x2c
 .text.spi_init
                0x0000000000000c66       0x2c build/default/production/spi.o
                0x0000000000000c66                spi_init

.text.lora_write_register
                0x0000000000000c92       0x2a
 .text.lora_write_register
                0x0000000000000c92       0x2a build/default/production/lora.o
                0x0000000000000c92                lora_write_register

.text.lora_explicit_header
                0x0000000000000cbc       0x28
 .text.lora_explicit_header
                0x0000000000000cbc       0x28 build/default/production/lora.o
                0x0000000000000cbc                lora_explicit_header

.text.libgcc.div
                0x0000000000000ce4       0x28
 .text.libgcc.div
                0x0000000000000ce4       0x28 d:/program files/microchip/xc8/v2.50/avr/bin/../lib/gcc/avr/5.4.0/avrxmega3\libgcc.a(_divmodhi4.o)
                0x0000000000000ce4                _div
                0x0000000000000ce4                __divmodhi4

.text.libgcc.div
                0x0000000000000d0c       0x28
 .text.libgcc.div
                0x0000000000000d0c       0x28 d:/program files/microchip/xc8/v2.50/avr/bin/../lib/gcc/avr/5.4.0/avrxmega3\libgcc.a(_udivmodhi4.o)
                0x0000000000000d0c                __udivmodhi4

.text.parse_lora
                0x0000000000000d34       0x26
 .text.parse_lora
                0x0000000000000d34       0x26 build/default/production/main.o
                0x0000000000000d34                parse_lora

.text           0x0000000000000d5a       0x22
 .text          0x0000000000000d5a       0x22 d:/program files/microchip/xc8/v2.50/avr/bin/../lib/gcc/avr/5.4.0/../../../../avr/lib/avrxmega3\libm.a(fp_round.o)
                0x0000000000000d5a                __fp_round

.text.tca_init  0x0000000000000d7c       0x20
 .text.tca_init
                0x0000000000000d7c       0x20 build/default/production/tca.o
                0x0000000000000d7c                tca_init

.text.spi_tx    0x0000000000000d9c       0x1c
 .text.spi_tx   0x0000000000000d9c       0x1c build/default/production/spi.o
                0x0000000000000d9c                spi_tx

.text.libgcc.div
                0x0000000000000db8       0x1c
 .text.libgcc.div
                0x0000000000000db8       0x1c d:/program files/microchip/xc8/v2.50/avr/bin/../lib/gcc/avr/5.4.0/avrxmega3\libgcc.a(_udivdi3.o)
                0x0000000000000db8                __umoddi3
                0x0000000000000dbc                __udivdi3
                0x0000000000000dbe                __udivdi3_umoddi3

.text.__vector_6
                0x0000000000000dd4       0x1a
 .text.__vector_6
                0x0000000000000dd4       0x1a build/default/production/lora.o
                0x0000000000000dd4                __vector_6

.text.exit      0x0000000000000dee       0x16
 .text.exit     0x0000000000000dee       0x16 d:/program files/microchip/xc8/v2.50/avr/bin/../lib/gcc/avr/5.4.0/../../../../avr/lib/avrxmega3\libc.a(exit.o)
                0x0000000000000dee                exit

.rodata         0x0000000000804e04       0x13 load address 0x0000000000000e04
 .rodata        0x0000000000804e04       0x13 build/default/production/uart.o

.text.uart_putc
                0x0000000000000e18       0x10
 .text.uart_putc
                0x0000000000000e18       0x10 build/default/production/uart.o
                0x0000000000000e18                uart_putc

.text           0x0000000000000e28        0xe
 .text          0x0000000000000e28        0xe d:/program files/microchip/xc8/v2.50/avr/bin/../lib/gcc/avr/5.4.0/../../../../avr/lib/avrxmega3\libm.a(addsf3.o)
                0x0000000000000e28                __subsf3
                0x0000000000000e2a                __addsf3

.text           0x0000000000000e36        0xe
 .text          0x0000000000000e36        0xe d:/program files/microchip/xc8/v2.50/avr/bin/../lib/gcc/avr/5.4.0/../../../../avr/lib/avrxmega3\libm.a(fp_pscA.o)
                0x0000000000000e36                __fp_pscA

.text           0x0000000000000e44        0xe
 .text          0x0000000000000e44        0xe d:/program files/microchip/xc8/v2.50/avr/bin/../lib/gcc/avr/5.4.0/../../../../avr/lib/avrxmega3\libm.a(fp_pscB.o)
                0x0000000000000e44                __fp_pscB

.text           0x0000000000000e52        0xe
 .text          0x0000000000000e52        0xe d:/program files/microchip/xc8/v2.50/avr/bin/../lib/gcc/avr/5.4.0/../../../../avr/lib/avrxmega3\libm.a(fp_zero.o)
                0x0000000000000e52                __fp_zero
                0x0000000000000e54                __fp_szero

.text.spi_enable
                0x0000000000000e60        0xc
 .text.spi_enable
                0x0000000000000e60        0xc build/default/production/spi.o
                0x0000000000000e60                spi_enable

.text.spi_disable
                0x0000000000000e6c        0xc
 .text.spi_disable
                0x0000000000000e6c        0xc build/default/production/spi.o
                0x0000000000000e6c                spi_disable

.text           0x0000000000000e78        0xc
 .text          0x0000000000000e78        0xc d:/program files/microchip/xc8/v2.50/avr/bin/../lib/gcc/avr/5.4.0/../../../../avr/lib/avrxmega3\libm.a(fp_inf.o)
                0x0000000000000e78                __fp_inf

.text.lora_sleep
                0x0000000000000e84        0xa
 .text.lora_sleep
                0x0000000000000e84        0xa build/default/production/lora.o
                0x0000000000000e84                lora_sleep

.text.lora_standby
                0x0000000000000e8e        0xa
 .text.lora_standby
                0x0000000000000e8e        0xa build/default/production/lora.o
                0x0000000000000e8e                lora_standby

.text.register_lora_rx_event_callback
                0x0000000000000e98        0xa
 .text.register_lora_rx_event_callback
                0x0000000000000e98        0xa build/default/production/lora.o
                0x0000000000000e98                register_lora_rx_event_callback

.text.lora_rx_continuous
                0x0000000000000ea2        0xa
 .text.lora_rx_continuous
                0x0000000000000ea2        0xa build/default/production/lora.o
                0x0000000000000ea2                lora_rx_continuous

.text.spi_rx    0x0000000000000eac        0xa
 .text.spi_rx   0x0000000000000eac        0xa build/default/production/spi.o
                0x0000000000000eac                spi_rx

.text           0x0000000000000eb6        0x8
 .text          0x0000000000000eb6        0x8 d:/program files/microchip/xc8/v2.50/avr/bin/../lib/gcc/avr/5.4.0/../../../../avr/lib/avrxmega3\libm.a(divsf3.o)
                0x0000000000000eb6                __divsf3

.text           0x0000000000000ebe        0x8
 .text          0x0000000000000ebe        0x8 d:/program files/microchip/xc8/v2.50/avr/bin/../lib/gcc/avr/5.4.0/../../../../avr/lib/avrxmega3\libm.a(mulsf3.o)
                0x0000000000000ebe                __mulsf3

.text           0x0000000000000ec6        0x6
 .text          0x0000000000000ec6        0x6 d:/program files/microchip/xc8/v2.50/avr/bin/../lib/gcc/avr/5.4.0/../../../../avr/lib/avrxmega3\libm.a(fp_nan.o)
                0x0000000000000ec6                __fp_nan

.text           0x0000000000000ecc        0x4
 .text          0x0000000000000ecc        0x4 D:/Program Files/Microchip/MPLABX/v6.20/packs/Microchip/ATmega_DFP/3.1.264/xc8/avr/lib/avrxmega3/crtatmega3208.o
                0x0000000000000ecc                __vector_22
                0x0000000000000ecc                __vector_28
                0x0000000000000ecc                __vector_1
                0x0000000000000ecc                __vector_32
                0x0000000000000ecc                __vector_34
                0x0000000000000ecc                __vector_24
                0x0000000000000ecc                __vector_12
                0x0000000000000ecc                __bad_interrupt
                0x0000000000000ecc                __vector_31
                0x0000000000000ecc                __vector_35
                0x0000000000000ecc                __vector_3
                0x0000000000000ecc                __vector_23
                0x0000000000000ecc                __vector_30
                0x0000000000000ecc                __vector_25
                0x0000000000000ecc                __vector_11
                0x0000000000000ecc                __vector_13
                0x0000000000000ecc                __vector_17
                0x0000000000000ecc                __vector_19
                0x0000000000000ecc                __vector_27
                0x0000000000000ecc                __vector_5
                0x0000000000000ecc                __vector_33
                0x0000000000000ecc                __vector_4
                0x0000000000000ecc                __vector_9
                0x0000000000000ecc                __vector_2
                0x0000000000000ecc                __vector_21
                0x0000000000000ecc                __vector_15
                0x0000000000000ecc                __vector_29
                0x0000000000000ecc                __vector_8
                0x0000000000000ecc                __vector_26
                0x0000000000000ecc                __vector_14
                0x0000000000000ecc                __vector_10
                0x0000000000000ecc                __vector_16
                0x0000000000000ecc                __vector_18
                0x0000000000000ecc                __vector_20

.text._Exit     0x0000000000000ed0        0x4
 .text._Exit    0x0000000000000ed0        0x4 d:/program files/microchip/xc8/v2.50/avr/bin/../lib/gcc/avr/5.4.0/../../../../avr/lib/avrxmega3\libc.a(_Exit.o)
                0x0000000000000ed0                _Exit

.text.__dummy_fini
                0x0000000000000ed4        0x2
 .text.__dummy_fini
                0x0000000000000ed4        0x2 d:/program files/microchip/xc8/v2.50/avr/bin/../lib/gcc/avr/5.4.0/../../../../avr/lib/avrxmega3\libc.a(exit.o)
                0x0000000000000ed4                _fini

.text.__dummy_funcs_on_exit
                0x0000000000000ed6        0x2
 .text.__dummy_funcs_on_exit
                0x0000000000000ed6        0x2 d:/program files/microchip/xc8/v2.50/avr/bin/../lib/gcc/avr/5.4.0/../../../../avr/lib/avrxmega3\libc.a(exit.o)
                0x0000000000000ed6                __funcs_on_exit

.text.__dummy_simulator_exit
                0x0000000000000ed8        0x2
 .text.__dummy_simulator_exit
                0x0000000000000ed8        0x2 d:/program files/microchip/xc8/v2.50/avr/bin/../lib/gcc/avr/5.4.0/../../../../avr/lib/avrxmega3\libc.a(exit.o)
                0x0000000000000ed8                __simulator_exit
